Archive member included to satisfy reference by file (symbol)

C:/Program Files/ST/STM32CubeIDE_1.19.0/STM32CubeIDE/plugins/com.st.stm32cube.ide.mcu.externaltools.gnu-tools-for-stm32.13.3.rel1.win32_1.0.0.202411081344/tools/bin/../lib/gcc/arm-none-eabi/13.3.1/../../../../arm-none-eabi/lib/thumb/v7e-m+dp/hard\libc_nano.a(libc_a-exit.o)
                              C:/Program Files/ST/STM32CubeIDE_1.19.0/STM32CubeIDE/plugins/com.st.stm32cube.ide.mcu.externaltools.gnu-tools-for-stm32.13.3.rel1.win32_1.0.0.202411081344/tools/bin/../lib/gcc/arm-none-eabi/13.3.1/../../../../arm-none-eabi/lib/thumb/v7e-m+dp/hard/crt0.o (exit)
C:/Program Files/ST/STM32CubeIDE_1.19.0/STM32CubeIDE/plugins/com.st.stm32cube.ide.mcu.externaltools.gnu-tools-for-stm32.13.3.rel1.win32_1.0.0.202411081344/tools/bin/../lib/gcc/arm-none-eabi/13.3.1/../../../../arm-none-eabi/lib/thumb/v7e-m+dp/hard\libc_nano.a(libc_a-nano-vfprintf_float.o)
                              (_printf_float)
C:/Program Files/ST/STM32CubeIDE_1.19.0/STM32CubeIDE/plugins/com.st.stm32cube.ide.mcu.externaltools.gnu-tools-for-stm32.13.3.rel1.win32_1.0.0.202411081344/tools/bin/../lib/gcc/arm-none-eabi/13.3.1/../../../../arm-none-eabi/lib/thumb/v7e-m+dp/hard\libc_nano.a(libc_a-nano-vfprintf_i.o)
                              C:/Program Files/ST/STM32CubeIDE_1.19.0/STM32CubeIDE/plugins/com.st.stm32cube.ide.mcu.externaltools.gnu-tools-for-stm32.13.3.rel1.win32_1.0.0.202411081344/tools/bin/../lib/gcc/arm-none-eabi/13.3.1/../../../../arm-none-eabi/lib/thumb/v7e-m+dp/hard\libc_nano.a(libc_a-nano-vfprintf_float.o) (_printf_common)
C:/Program Files/ST/STM32CubeIDE_1.19.0/STM32CubeIDE/plugins/com.st.stm32cube.ide.mcu.externaltools.gnu-tools-for-stm32.13.3.rel1.win32_1.0.0.202411081344/tools/bin/../lib/gcc/arm-none-eabi/13.3.1/../../../../arm-none-eabi/lib/thumb/v7e-m+dp/hard\libc_nano.a(libc_a-findfp.o)
                              C:/Program Files/ST/STM32CubeIDE_1.19.0/STM32CubeIDE/plugins/com.st.stm32cube.ide.mcu.externaltools.gnu-tools-for-stm32.13.3.rel1.win32_1.0.0.202411081344/tools/bin/../lib/gcc/arm-none-eabi/13.3.1/../../../../arm-none-eabi/lib/thumb/v7e-m+dp/hard\libc_nano.a(libc_a-exit.o) (__stdio_exit_handler)
C:/Program Files/ST/STM32CubeIDE_1.19.0/STM32CubeIDE/plugins/com.st.stm32cube.ide.mcu.externaltools.gnu-tools-for-stm32.13.3.rel1.win32_1.0.0.202411081344/tools/bin/../lib/gcc/arm-none-eabi/13.3.1/../../../../arm-none-eabi/lib/thumb/v7e-m+dp/hard\libc_nano.a(libc_a-fwalk.o)
                              C:/Program Files/ST/STM32CubeIDE_1.19.0/STM32CubeIDE/plugins/com.st.stm32cube.ide.mcu.externaltools.gnu-tools-for-stm32.13.3.rel1.win32_1.0.0.202411081344/tools/bin/../lib/gcc/arm-none-eabi/13.3.1/../../../../arm-none-eabi/lib/thumb/v7e-m+dp/hard\libc_nano.a(libc_a-findfp.o) (_fwalk_sglue)
C:/Program Files/ST/STM32CubeIDE_1.19.0/STM32CubeIDE/plugins/com.st.stm32cube.ide.mcu.externaltools.gnu-tools-for-stm32.13.3.rel1.win32_1.0.0.202411081344/tools/bin/../lib/gcc/arm-none-eabi/13.3.1/../../../../arm-none-eabi/lib/thumb/v7e-m+dp/hard\libc_nano.a(libc_a-printf.o)
                              ./Core/Src/main.o (printf)
C:/Program Files/ST/STM32CubeIDE_1.19.0/STM32CubeIDE/plugins/com.st.stm32cube.ide.mcu.externaltools.gnu-tools-for-stm32.13.3.rel1.win32_1.0.0.202411081344/tools/bin/../lib/gcc/arm-none-eabi/13.3.1/../../../../arm-none-eabi/lib/thumb/v7e-m+dp/hard\libc_nano.a(libc_a-puts.o)
                              ./Core/Src/main.o (puts)
C:/Program Files/ST/STM32CubeIDE_1.19.0/STM32CubeIDE/plugins/com.st.stm32cube.ide.mcu.externaltools.gnu-tools-for-stm32.13.3.rel1.win32_1.0.0.202411081344/tools/bin/../lib/gcc/arm-none-eabi/13.3.1/../../../../arm-none-eabi/lib/thumb/v7e-m+dp/hard\libc_nano.a(libc_a-stdio.o)
                              C:/Program Files/ST/STM32CubeIDE_1.19.0/STM32CubeIDE/plugins/com.st.stm32cube.ide.mcu.externaltools.gnu-tools-for-stm32.13.3.rel1.win32_1.0.0.202411081344/tools/bin/../lib/gcc/arm-none-eabi/13.3.1/../../../../arm-none-eabi/lib/thumb/v7e-m+dp/hard\libc_nano.a(libc_a-findfp.o) (__sread)
C:/Program Files/ST/STM32CubeIDE_1.19.0/STM32CubeIDE/plugins/com.st.stm32cube.ide.mcu.externaltools.gnu-tools-for-stm32.13.3.rel1.win32_1.0.0.202411081344/tools/bin/../lib/gcc/arm-none-eabi/13.3.1/../../../../arm-none-eabi/lib/thumb/v7e-m+dp/hard\libc_nano.a(libc_a-wbuf.o)
                              C:/Program Files/ST/STM32CubeIDE_1.19.0/STM32CubeIDE/plugins/com.st.stm32cube.ide.mcu.externaltools.gnu-tools-for-stm32.13.3.rel1.win32_1.0.0.202411081344/tools/bin/../lib/gcc/arm-none-eabi/13.3.1/../../../../arm-none-eabi/lib/thumb/v7e-m+dp/hard\libc_nano.a(libc_a-puts.o) (__swbuf_r)
C:/Program Files/ST/STM32CubeIDE_1.19.0/STM32CubeIDE/plugins/com.st.stm32cube.ide.mcu.externaltools.gnu-tools-for-stm32.13.3.rel1.win32_1.0.0.202411081344/tools/bin/../lib/gcc/arm-none-eabi/13.3.1/../../../../arm-none-eabi/lib/thumb/v7e-m+dp/hard\libc_nano.a(libc_a-wsetup.o)
[...]
Memory Configuration

Name             Origin             Length             Attributes
RAM_D1           0x24000000         0x00080000         xrw
FLASH            0x08000000         0x00100000         xr
DTCMRAM          0x20000000         0x00020000         xrw
RAM_D2           0x30000000         0x00048000         xrw
RAM_D3           0x38000000         0x00010000         xrw
ITCMRAM          0x00000000         0x00010000         xrw
*default*        0x00000000         0xffffffff

Linker script and memory map

LOAD C:/Program Files/ST/STM32CubeIDE_1.19.0/STM32CubeIDE/plugins/com.st.stm32cube.ide.mcu.externaltools.gnu-tools-for-stm32.13.3.rel1.win32_1.0.0.202411081344/tools/bin/../lib/gcc/arm-none-eabi/13.3.1/thumb/v7e-m+dp/hard/crti.o
LOAD C:/Program Files/ST/STM32CubeIDE_1.19.0/STM32CubeIDE/plugins/com.st.stm32cube.ide.mcu.externaltools.gnu-tools-for-stm32.13.3.rel1.win32_1.0.0.202411081344/tools/bin/../lib/gcc/arm-none-eabi/13.3.1/thumb/v7e-m+dp/hard/crtbegin.o
LOAD C:/Program Files/ST/STM32CubeIDE_1.19.0/STM32CubeIDE/plugins/com.st.stm32cube.ide.mcu.externaltools.gnu-tools-for-stm32.13.3.rel1.win32_1.0.0.202411081344/tools/bin/../lib/gcc/arm-none-eabi/13.3.1/../../../../arm-none-eabi/lib/thumb/v7e-m+dp/hard/crt0.o
LOAD ./Common/Src/system_stm32h7xx_dualcore_boot_cm4_cm7.o
LOAD ./Core/Src/bno055.o
LOAD ./Core/Src/main.o
LOAD ./Core/Src/stm32h7xx_hal_msp.o
LOAD ./Core/Src/stm32h7xx_it.o
LOAD ./Core/Src/syscalls.o
LOAD ./Core/Src/sysmem.o
LOAD ./Core/Startup/startup_stm32h755zitx.o
LOAD ./Drivers/BSP/STM32H7xx_Nucleo/stm32h7xx_nucleo.o
LOAD ./Drivers/STM32H7xx_HAL_Driver/stm32h7xx_hal.o
LOAD ./Drivers/STM32H7xx_HAL_Driver/stm32h7xx_hal_cortex.o
LOAD ./Drivers/STM32H7xx_HAL_Driver/stm32h7xx_hal_dcmi.o
LOAD ./Drivers/STM32H7xx_HAL_Driver/stm32h7xx_hal_dma.o
LOAD ./Drivers/STM32H7xx_HAL_Driver/stm32h7xx_hal_dma_ex.o
LOAD ./Drivers/STM32H7xx_HAL_Driver/stm32h7xx_hal_exti.o
LOAD ./Drivers/STM32H7xx_HAL_Driver/stm32h7xx_hal_flash.o
LOAD ./Drivers/STM32H7xx_HAL_Driver/stm32h7xx_hal_flash_ex.o
LOAD ./Drivers/STM32H7xx_HAL_Driver/stm32h7xx_hal_gpio.o
LOAD ./Drivers/STM32H7xx_HAL_Driver/stm32h7xx_hal_hsem.o
LOAD ./Drivers/STM32H7xx_HAL_Driver/stm32h7xx_hal_i2c.o
LOAD ./Drivers/STM32H7xx_HAL_Driver/stm32h7xx_hal_i2c_ex.o
LOAD ./Drivers/STM32H7xx_HAL_Driver/stm32h7xx_hal_mdma.o
LOAD ./Drivers/STM32H7xx_HAL_Driver/stm32h7xx_hal_pwr.o
LOAD ./Drivers/STM32H7xx_HAL_Driver/stm32h7xx_hal_pwr_ex.o
LOAD ./Drivers/STM32H7xx_HAL_Driver/stm32h7xx_hal_rcc.o
LOAD ./Drivers/STM32H7xx_HAL_Driver/stm32h7xx_hal_rcc_ex.o
LOAD ./Drivers/STM32H7xx_HAL_Driver/stm32h7xx_hal_tim.o
LOAD ./Drivers/STM32H7xx_HAL_Driver/stm32h7xx_hal_tim_ex.o
LOAD ./Drivers/STM32H7xx_HAL_Driver/stm32h7xx_hal_uart.o
LOAD ./Drivers/STM32H7xx_HAL_Driver/stm32h7xx_hal_uart_ex.o
LOAD ./Drivers/STM32H7xx_HAL_Driver/stm32h7xx_hal_usart.o
LOAD ./Drivers/STM32H7xx_HAL_Driver/stm32h7xx_hal_usart_ex.o
START GROUP
LOAD C:/Program Files/ST/STM32CubeIDE_1.19.0/STM32CubeIDE/plugins/com.st.stm32cube.ide.mcu.externaltools.gnu-tools-for-stm32.13.3.rel1.win32_1.0.0.202411081344/tools/bin/../lib/gcc/arm-none-eabi/13.3.1/../../../../arm-none-eabi/lib/thumb/v7e-m+dp/hard\libc_nano.a
LOAD C:/Program Files/ST/STM32CubeIDE_1.19.0/STM32CubeIDE/plugins/com.st.stm32cube.ide.mcu.externaltools.gnu-tools-for-stm32.13.3.rel1.win32_1.0.0.202411081344/tools/bin/../lib/gcc/arm-none-eabi/13.3.1/../../../../arm-none-eabi/lib/thumb/v7e-m+dp/hard\libm.a
END GROUP
START GROUP
LOAD C:/Program Files/ST/STM32CubeIDE_1.19.0/STM32CubeIDE/plugins/com.st.stm32cube.ide.mcu.externaltools.gnu-tools-for-stm32.13.3.rel1.win32_1.0.0.202411081344/tools/bin/../lib/gcc/arm-none-eabi/13.3.1/thumb/v7e-m+dp/hard\libgcc.a
LOAD C:/Program Files/ST/STM32CubeIDE_1.19.0/STM32CubeIDE/plugins/com.st.stm32cube.ide.mcu.externaltools.gnu-tools-for-stm32.13.3.rel1.win32_1.0.0.202411081344/tools/bin/../lib/gcc/arm-none-eabi/13.3.1/../../../../arm-none-eabi/lib/thumb/v7e-m+dp/hard\libc_nano.a
END GROUP
START GROUP
LOAD C:/Program Files/ST/STM32CubeIDE_1.19.0/STM32CubeIDE/plugins/com.st.stm32cube.ide.mcu.externaltools.gnu-tools-for-stm32.13.3.rel1.win32_1.0.0.202411081344/tools/bin/../lib/gcc/arm-none-eabi/13.3.1/thumb/v7e-m+dp/hard\libgcc.a
LOAD C:/Program Files/ST/STM32CubeIDE_1.19.0/STM32CubeIDE/plugins/com.st.stm32cube.ide.mcu.externaltools.gnu-tools-for-stm32.13.3.rel1.win32_1.0.0.202411081344/tools/bin/../lib/gcc/arm-none-eabi/13.3.1/../../../../arm-none-eabi/lib/thumb/v7e-m+dp/hard\libc_nano.a
LOAD C:/Program Files/ST/STM32CubeIDE_1.19.0/STM32CubeIDE/plugins/com.st.stm32cube.ide.mcu.externaltools.gnu-tools-for-stm32.13.3.rel1.win32_1.0.0.202411081344/tools/bin/../lib/gcc/arm-none-eabi/13.3.1/../../../../arm-none-eabi/lib/thumb/v7e-m+dp/hard\libnosys.a
END GROUP
START GROUP
LOAD C:/Program Files/ST/STM32CubeIDE_1.19.0/STM32CubeIDE/plugins/com.st.stm32cube.ide.mcu.externaltools.gnu-tools-for-stm32.13.3.rel1.win32_1.0.0.202411081344/tools/bin/../lib/gcc/arm-none-eabi/13.3.1/thumb/v7e-m+dp/hard\libgcc.a
LOAD C:/Program Files/ST/STM32CubeIDE_1.19.0/STM32CubeIDE/plugins/com.st.stm32cube.ide.mcu.externaltools.gnu-tools-for-stm32.13.3.rel1.win32_1.0.0.202411081344/tools/bin/../lib/gcc/arm-none-eabi/13.3.1/../../../../arm-none-eabi/lib/thumb/v7e-m+dp/hard\libc_nano.a
LOAD C:/Program Files/ST/STM32CubeIDE_1.19.0/STM32CubeIDE/plugins/com.st.stm32cube.ide.mcu.externaltools.gnu-tools-for-stm32.13.3.rel1.win32_1.0.0.202411081344/tools/bin/../lib/gcc/arm-none-eabi/13.3.1/../../../../arm-none-eabi/lib/thumb/v7e-m+dp/hard\libnosys.a
END GROUP
LOAD C:/Program Files/ST/STM32CubeIDE_1.19.0/STM32CubeIDE/plugins/com.st.stm32cube.ide.mcu.externaltools.gnu-tools-for-stm32.13.3.rel1.win32_1.0.0.202411081344/tools/bin/../lib/gcc/arm-none-eabi/13.3.1/thumb/v7e-m+dp/hard/crtend.o
LOAD C:/Program Files/ST/STM32CubeIDE_1.19.0/STM32CubeIDE/plugins/com.st.stm32cube.ide.mcu.externaltools.gnu-tools-for-stm32.13.3.rel1.win32_1.0.0.202411081344/tools/bin/../lib/gcc/arm-none-eabi/13.3.1/thumb/v7e-m+dp/hard/crtn.o
                0x24080000                        _estack = (ORIGIN (RAM_D1) + LENGTH (RAM_D1))
                0x00000200                        _Min_Heap_Size = 0x200
                0x00000400                        _Min_Stack_Size = 0x400

.isr_vector     0x08000000      0x298
                0x08000000                        . = ALIGN (0x4)
 *(.isr_vector)
 .isr_vector    0x08000000      0x298 ./Core/Startup/startup_stm32h755zitx.o
                0x08000000                g_pfnVectors
                0x08000298                        . = ALIGN (0x4)

.text           0x080002a0     0xd9d4
                0x080002a0                        . = ALIGN (0x4)
 *(.text)
 .text          0x080002a0       0x40 C:/Program Files/ST/STM32CubeIDE_1.19.0/STM32CubeIDE/plugins/com.st.stm32cube.ide.mcu.externaltools.gnu-tools-for-stm32.13.3.rel1.win32_1.0.0.202411081344/tools/bin/../lib/gcc/arm-none-eabi/13.3.1/thumb/v7e-m+dp/hard/crtbegin.o
 .text          0x080002e0       0xa0 C:/Program Files/ST/STM32CubeIDE_1.19.0/STM32CubeIDE/plugins/com.st.stm32cube.ide.mcu.externaltools.gnu-tools-for-stm32.13.3.rel1.win32_1.0.0.202411081344/tools/bin/../lib/gcc/arm-none-eabi/13.3.1/../../../../arm-none-eabi/lib/thumb/v7e-m+dp/hard\libc_nano.a(libc_a-memchr.o)
                0x080002e0                memchr
 .text          0x08000380       0x10 C:/Program Files/ST/STM32CubeIDE_1.19.0/STM32CubeIDE/plugins/com.st.stm32cube.ide.mcu.externaltools.gnu-tools-for-stm32.13.3.rel1.win32_1.0.0.202411081344/tools/bin/../lib/gcc/arm-none-eabi/13.3.1/../../../../arm-none-eabi/lib/thumb/v7e-m+dp/hard\libc_nano.a(libc_a-strlen.o)
                0x08000380                strlen
 .text          0x08000390       0x30 C:/Program Files/ST/STM32CubeIDE_1.19.0/STM32CubeIDE/plugins/com.st.stm32cube.ide.mcu.externaltools.gnu-tools-for-stm32.13.3.rel1.win32_1.0.0.202411081344/tools/bin/../lib/gcc/arm-none-eabi/13.3.1/thumb/v7e-m+dp/hard\libgcc.a(_aeabi_uldivmod.o)
                0x08000390                __aeabi_uldivmod
 .text          0x080003c0      0x2f8 C:/Program Files/ST/STM32CubeIDE_1.19.0/STM32CubeIDE/plugins/com.st.stm32cube.ide.mcu.externaltools.gnu-tools-for-stm32.13.3.rel1.win32_1.0.0.202411081344/tools/bin/../lib/gcc/arm-none-eabi/13.3.1/thumb/v7e-m+dp/hard\libgcc.a(_udivmoddi4.o)
                0x080003c0                __udivmoddi4
 .text          0x080006b8        0x4 C:/Program Files/ST/STM32CubeIDE_1.19.0/STM32CubeIDE/plugins/com.st.stm32cube.ide.mcu.externaltools.gnu-tools-for-stm32.13.3.rel1.win32_1.0.0.202411081344/tools/bin/../lib/gcc/arm-none-eabi/13.3.1/thumb/v7e-m+dp/hard\libgcc.a(_dvmd_tls.o)
                0x080006b8                __aeabi_idiv0
                0x080006b8                __aeabi_ldiv0
 *(.text*)
 .text.SystemInit
                0x080006bc      0x15c ./Common/Src/system_stm32h7xx_dualcore_boot_cm4_cm7.o
                0x080006bc                SystemInit
 .text.ExitRun0Mode
                0x08000818       0x30 ./Common/Src/system_stm32h7xx_dualcore_boot_cm4_cm7.o
                0x08000818                ExitRun0Mode
 .text.bno055_init
                0x08000848      0x248 ./Core/Src/bno055.o
                0x08000848                bno055_init
 .text.bno055_temperature
                0x08000a90       0x66 ./Core/Src/bno055.o
                0x08000a90                bno055_temperature
 *fill*         0x08000af6        0x2 
 .text.bno055_acc_x
                0x08000af8       0x80 ./Core/Src/bno055.o
                0x08000af8                bno055_acc_x
 .text.bno055_acc_y
                0x08000b78       0x80 ./Core/Src/bno055.o
                0x08000b78                bno055_acc_y
 .text.bno055_acc_z
                0x08000bf8       0x80 ./Core/Src/bno055.o
                0x08000bf8                bno055_acc_z
 .text.bno055_acc
                0x08000c78       0xd0 ./Core/Src/bno055.o
                0x08000c78                bno055_acc
 .text.bno055_linear_acc_x
                0x08000d48       0x80 ./Core/Src/bno055.o
                0x08000d48                bno055_linear_acc_x
 .text.bno055_linear_acc_y
                0x08000dc8       0x80 ./Core/Src/bno055.o
                0x08000dc8                bno055_linear_acc_y
 .text.bno055_linear_acc_z
                0x08000e48       0x80 ./Core/Src/bno055.o
                0x08000e48                bno055_linear_acc_z
 .text.bno055_linear_acc
                0x08000ec8       0xd0 ./Core/Src/bno055.o
                0x08000ec8                bno055_linear_acc
 .text.bno055_gyro_x
                0x08000f98       0x80 ./Core/Src/bno055.o
                0x08000f98                bno055_gyro_x
 .text.bno055_gyro_y
                0x08001018       0x80 ./Core/Src/bno055.o
                0x08001018                bno055_gyro_y
 .text.bno055_gyro_z
                0x08001098       0x80 ./Core/Src/bno055.o
                0x08001098                bno055_gyro_z
 .text.bno055_gyro
                0x08001118       0xd0 ./Core/Src/bno055.o
                0x08001118                bno055_gyro
 .text.bno055_mag_x
                0x080011e8       0x6e ./Core/Src/bno055.o
                0x080011e8                bno055_mag_x
 .text.bno055_mag_y
                0x08001256       0x6e ./Core/Src/bno055.o
                0x08001256                bno055_mag_y
 .text.bno055_mag_z
                0x080012c4       0x6e ./Core/Src/bno055.o
                0x080012c4                bno055_mag_z
 .text.bno055_mag
                0x08001332       0xba ./Core/Src/bno055.o
                0x08001332                bno055_mag
 .text.bno055_gravity_x
                0x080013ec       0x84 ./Core/Src/bno055.o
                0x080013ec                bno055_gravity_x
 .text.bno055_gravity_y
                0x08001470       0x84 ./Core/Src/bno055.o
                0x08001470                bno055_gravity_y
 .text.bno055_gravity_z
                0x080014f4       0x84 ./Core/Src/bno055.o
                0x080014f4                bno055_gravity_z
 .text.bno055_gravity
                0x08001578       0xd0 ./Core/Src/bno055.o
                0x08001578                bno055_gravity
 .text.bno055_euler_yaw
                0x08001648       0x84 ./Core/Src/bno055.o
                0x08001648                bno055_euler_yaw
 .text.bno055_euler_roll
                0x080016cc       0x84 ./Core/Src/bno055.o
                0x080016cc                bno055_euler_roll
 .text.bno055_euler_pitch
                0x08001750       0x84 ./Core/Src/bno055.o
                0x08001750                bno055_euler_pitch
 .text.bno055_euler
                0x080017d4       0xd0 ./Core/Src/bno055.o
                0x080017d4                bno055_euler
 .text.bno055_quaternion_w
                0x080018a4       0x74 ./Core/Src/bno055.o
                0x080018a4                bno055_quaternion_w
 .text.bno055_quaternion_x
                0x08001918       0x74 ./Core/Src/bno055.o
                0x08001918                bno055_quaternion_x
 .text.bno055_quaternion_y
                0x0800198c       0x74 ./Core/Src/bno055.o
                0x0800198c                bno055_quaternion_y
 .text.bno055_quaternion_z
                0x08001a00       0x74 ./Core/Src/bno055.o
                0x08001a00                bno055_quaternion_z
 .text.bno055_quaternion
                0x08001a74       0xe4 ./Core/Src/bno055.o
                0x08001a74                bno055_quaternion
 .text.bno055_acc_conf
                0x08001b58       0xd0 ./Core/Src/bno055.o
                0x08001b58                bno055_acc_conf
 .text.bno055_gyr_conf
                0x08001c28       0xce ./Core/Src/bno055.o
                0x08001c28                bno055_gyr_conf
 .text.bno055_mag_conf
                0x08001cf6       0xd0 ./Core/Src/bno055.o
                0x08001cf6                bno055_mag_conf
 .text.bno055_set_opmode
                0x08001dc6       0x4e ./Core/Src/bno055.o
                0x08001dc6                bno055_set_opmode
 .text.bno055_set_unit
                0x08001e14       0xd0 ./Core/Src/bno055.o
                0x08001e14                bno055_set_unit
 .text.bno055_set_pwr_mode
                0x08001ee4       0xba ./Core/Src/bno055.o
                0x08001ee4                bno055_set_pwr_mode
 .text.bno055_reset
                0x08001f9e       0x46 ./Core/Src/bno055.o
                0x08001f9e                bno055_reset
 .text.bno055_on
                0x08001fe4       0x46 ./Core/Src/bno055.o
                0x08001fe4                bno055_on
 .text.bno055_read_regs
                0x0800202a       0x6c ./Core/Src/bno055.o
                0x0800202a                bno055_read_regs
 .text.bno055_write_regs
                0x08002096       0x5c ./Core/Src/bno055.o
                0x08002096                bno055_write_regs
 .text.bno055_set_page
                0x080020f2       0x6c ./Core/Src/bno055.o
                0x080020f2                bno055_set_page
 *fill*         0x0800215e        0x2 
 .text.bno055_err_str
                0x08002160       0x7c ./Core/Src/bno055.o
                0x08002160                bno055_err_str
 *fill*         0x080021dc        0x4 
 .text.main     0x080021e0      0x770 ./Core/Src/main.o
                0x080021e0                main
 .text.SystemClock_Config
                0x08002950      0x10c ./Core/Src/main.o
                0x08002950                SystemClock_Config
 .text.MX_DCMI_Init
                0x08002a5c       0x68 ./Core/Src/main.o
 .text.MX_I2C1_Init
                0x08002ac4       0x80 ./Core/Src/main.o
 .text.MX_I2C4_Init
                0x08002b44       0x80 ./Core/Src/main.o
 .text.MX_DMA_Init
                0x08002bc4       0x40 ./Core/Src/main.o
 .text.MX_GPIO_Init
                0x08002c04      0x27c ./Core/Src/main.o
 .text.HAL_GPIO_EXTI_Callback
                0x08002e80       0x54 ./Core/Src/main.o
                0x08002e80                HAL_GPIO_EXTI_Callback
 .text.SC035HGS_ReadReg8
                0x08002ed4       0x3c ./Core/Src/main.o
                0x08002ed4                SC035HGS_ReadReg8
 .text.SC035HGS_ReadReg16
                0x08002f10       0x54 ./Core/Src/main.o
                0x08002f10                SC035HGS_ReadReg16
 .text.SC035HGS_WriteReg
                0x08002f64       0x3c ./Core/Src/main.o
                0x08002f64                SC035HGS_WriteReg
 .text.Error_Handler
                0x08002fa0        0xc ./Core/Src/main.o
                0x08002fa0                Error_Handler
 .text.HAL_MspInit
                0x08002fac       0x34 ./Core/Src/stm32h7xx_hal_msp.o
                0x08002fac                HAL_MspInit
 .text.HAL_DCMI_MspInit
                0x08002fe0      0x22c ./Core/Src/stm32h7xx_hal_msp.o
                0x08002fe0                HAL_DCMI_MspInit
 .text.HAL_I2C_MspInit
                0x0800320c      0x174 ./Core/Src/stm32h7xx_hal_msp.o
                0x0800320c                HAL_I2C_MspInit
 .text.NMI_Handler
                0x08003380        0x8 ./Core/Src/stm32h7xx_it.o
                0x08003380                NMI_Handler
 .text.HardFault_Handler
                0x08003388        0x8 ./Core/Src/stm32h7xx_it.o
                0x08003388                HardFault_Handler
 .text.MemManage_Handler
                0x08003390        0x8 ./Core/Src/stm32h7xx_it.o
                0x08003390                MemManage_Handler
 .text.BusFault_Handler
                0x08003398        0x8 ./Core/Src/stm32h7xx_it.o
                0x08003398                BusFault_Handler
 .text.UsageFault_Handler
                0x080033a0        0x8 ./Core/Src/stm32h7xx_it.o
                0x080033a0                UsageFault_Handler
 .text.SVC_Handler
                0x080033a8        0xe ./Core/Src/stm32h7xx_it.o
                0x080033a8                SVC_Handler
 .text.DebugMon_Handler
                0x080033b6        0xe ./Core/Src/stm32h7xx_it.o
                0x080033b6                DebugMon_Handler
 .text.PendSV_Handler
                0x080033c4        0xe ./Core/Src/stm32h7xx_it.o
                0x080033c4                PendSV_Handler
 .text.SysTick_Handler
                0x080033d2        0xc ./Core/Src/stm32h7xx_it.o
                0x080033d2                SysTick_Handler
 .text.EXTI9_5_IRQHandler
                0x080033de       0x1c ./Core/Src/stm32h7xx_it.o
                0x080033de                EXTI9_5_IRQHandler
 .text.EXTI15_10_IRQHandler
                0x080033fa        0xe ./Core/Src/stm32h7xx_it.o
                0x080033fa                EXTI15_10_IRQHandler
 .text.DMA2_Stream1_IRQHandler
                0x08003408       0x14 ./Core/Src/stm32h7xx_it.o
                0x08003408                DMA2_Stream1_IRQHandler
 .text.DCMI_IRQHandler
                0x0800341c       0x14 ./Core/Src/stm32h7xx_it.o
                0x0800341c                DCMI_IRQHandler
 .text._getpid  0x08003430       0x10 ./Core/Src/syscalls.o
                0x08003430                _getpid
 .text._kill    0x08003440       0x20 ./Core/Src/syscalls.o
                0x08003440                _kill
 .text._exit    0x08003460       0x16 ./Core/Src/syscalls.o
                0x08003460                _exit
 .text._read    0x08003476       0x3a ./Core/Src/syscalls.o
                0x08003476                _read
 .text._write   0x080034b0       0x38 ./Core/Src/syscalls.o
                0x080034b0                _write
 .text._close   0x080034e8       0x18 ./Core/Src/syscalls.o
                0x080034e8                _close
 .text._fstat   0x08003500       0x20 ./Core/Src/syscalls.o
                0x08003500                _fstat
 .text._isatty  0x08003520       0x16 ./Core/Src/syscalls.o
                0x08003520                _isatty
 .text._lseek   0x08003536       0x1a ./Core/Src/syscalls.o
                0x08003536                _lseek
 .text._sbrk    0x08003550       0x6c ./Core/Src/sysmem.o
                0x08003550                _sbrk
 .text.Reset_Handler
                0x080035bc       0x54 ./Core/Startup/startup_stm32h755zitx.o
                0x080035bc                Reset_Handler
 .text.Default_Handler
                0x08003610        0x2 ./Core/Startup/startup_stm32h755zitx.o
                0x08003610                RTC_Alarm_IRQHandler
                0x08003610                HASH_RNG_IRQHandler
                0x08003610                EXTI2_IRQHandler
                0x08003610                TIM8_CC_IRQHandler
                0x08003610                HRTIM1_Master_IRQHandler
                0x08003610                UART8_IRQHandler
                0x08003610                SPI4_IRQHandler
                0x08003610                TIM1_CC_IRQHandler
                0x08003610                BDMA_Channel6_IRQHandler
                0x08003610                DMA2_Stream5_IRQHandler
                0x08003610                HRTIM1_FLT_IRQHandler
                0x08003610                JPEG_IRQHandler
                0x08003610                DMA1_Stream5_IRQHandler
                0x08003610                BDMA_Channel1_IRQHandler
                0x08003610                HRTIM1_TIMD_IRQHandler
                0x08003610                TAMP_STAMP_IRQHandler
                0x08003610                EXTI3_IRQHandler
                0x08003610                LPTIM4_IRQHandler
                0x08003610                TIM8_TRG_COM_TIM14_IRQHandler
                0x08003610                LPTIM2_IRQHandler
                0x08003610                DFSDM1_FLT1_IRQHandler
                0x08003610                DMAMUX2_OVR_IRQHandler
                0x08003610                TIM8_UP_TIM13_IRQHandler
                0x08003610                I2C3_ER_IRQHandler
                0x08003610                DFSDM1_FLT2_IRQHandler
                0x08003610                MDMA_IRQHandler
                0x08003610                LPTIM3_IRQHandler
                0x08003610                HSEM1_IRQHandler
                0x08003610                EXTI0_IRQHandler
                0x08003610                I2C2_EV_IRQHandler
                0x08003610                DMA1_Stream2_IRQHandler
                0x08003610                FPU_IRQHandler
                0x08003610                OTG_HS_WKUP_IRQHandler
                0x08003610                FDCAN1_IT1_IRQHandler
                0x08003610                LTDC_ER_IRQHandler
                0x08003610                DMA2_Stream2_IRQHandler
                0x08003610                HRTIM1_TIME_IRQHandler
                0x08003610                SPI1_IRQHandler
                0x08003610                TIM6_DAC_IRQHandler
                0x08003610                HRTIM1_TIMC_IRQHandler
                0x08003610                DMA2_Stream3_IRQHandler
                0x08003610                SAI2_IRQHandler
                0x08003610                DFSDM1_FLT3_IRQHandler
                0x08003610                USART6_IRQHandler
                0x08003610                TIM17_IRQHandler
                0x08003610                USART3_IRQHandler
                0x08003610                BDMA_Channel7_IRQHandler
                0x08003610                CRYP_IRQHandler
                0x08003610                LPTIM5_IRQHandler
                0x08003610                UART5_IRQHandler
                0x08003610                ADC3_IRQHandler
                0x08003610                DMA2_Stream0_IRQHandler
                0x08003610                TIM4_IRQHandler
                0x08003610                BDMA_Channel2_IRQHandler
                0x08003610                QUADSPI_IRQHandler
                0x08003610                I2C1_EV_IRQHandler
                0x08003610                DMA1_Stream6_IRQHandler
                0x08003610                DMAMUX1_OVR_IRQHandler
                0x08003610                DMA1_Stream1_IRQHandler
                0x08003610                TIM16_IRQHandler
                0x08003610                UART4_IRQHandler
                0x08003610                BDMA_Channel5_IRQHandler
                0x08003610                TIM3_IRQHandler
                0x08003610                RCC_IRQHandler
                0x08003610                TIM8_BRK_TIM12_IRQHandler
                0x08003610                TIM1_TRG_COM_IRQHandler
                0x08003610                Default_Handler
                0x08003610                ECC_IRQHandler
                0x08003610                CEC_IRQHandler
                0x08003610                BDMA_Channel0_IRQHandler
                0x08003610                ADC_IRQHandler
                0x08003610                DMA1_Stream7_IRQHandler
                0x08003610                HRTIM1_TIMA_IRQHandler
                0x08003610                SPI5_IRQHandler
                0x08003610                TIM7_IRQHandler
                0x08003610                SDMMC1_IRQHandler
                0x08003610                TIM5_IRQHandler
                0x08003610                DMA2_Stream7_IRQHandler
                0x08003610                TIM15_IRQHandler
                0x08003610                PVD_AVD_IRQHandler
                0x08003610                I2C3_EV_IRQHandler
                0x08003610                RTC_WKUP_IRQHandler
                0x08003610                LTDC_IRQHandler
                0x08003610                SAI3_IRQHandler
                0x08003610                ETH_WKUP_IRQHandler
                0x08003610                SPDIF_RX_IRQHandler
                0x08003610                SPI2_IRQHandler
                0x08003610                OTG_HS_EP1_IN_IRQHandler
                0x08003610                DMA1_Stream0_IRQHandler
                0x08003610                CRS_IRQHandler
                0x08003610                CM7_SEV_IRQHandler
                0x08003610                EXTI4_IRQHandler
                0x08003610                CM4_SEV_IRQHandler
                0x08003610                HRTIM1_TIMB_IRQHandler
                0x08003610                FDCAN2_IT1_IRQHandler
                0x08003610                ETH_IRQHandler
                0x08003610                TIM1_UP_IRQHandler
                0x08003610                WWDG_RST_IRQHandler
                0x08003610                BDMA_Channel4_IRQHandler
                0x08003610                OTG_HS_EP1_OUT_IRQHandler
                0x08003610                WWDG_IRQHandler
                0x08003610                SPI6_IRQHandler
                0x08003610                MDIOS_IRQHandler
                0x08003610                I2C4_EV_IRQHandler
                0x08003610                FDCAN2_IT0_IRQHandler
                0x08003610                LPUART1_IRQHandler
                0x08003610                FDCAN1_IT0_IRQHandler
                0x08003610                TIM2_IRQHandler
                0x08003610                OTG_FS_WKUP_IRQHandler
                0x08003610                OTG_HS_IRQHandler
                0x08003610                HSEM2_IRQHandler
                0x08003610                DMA2D_IRQHandler
                0x08003610                TIM1_BRK_IRQHandler
                0x08003610                EXTI1_IRQHandler
                0x08003610                SDMMC2_IRQHandler
                0x08003610                OTG_FS_EP1_OUT_IRQHandler
                0x08003610                BDMA_Channel3_IRQHandler
                0x08003610                HOLD_CORE_IRQHandler
                0x08003610                UART7_IRQHandler
                0x08003610                MDIOS_WKUP_IRQHandler
                0x08003610                USART2_IRQHandler
                0x08003610                DFSDM1_FLT0_IRQHandler
                0x08003610                SAI4_IRQHandler
                0x08003610                I2C2_ER_IRQHandler
                0x08003610                FLASH_IRQHandler
                0x08003610                DMA2_Stream4_IRQHandler
                0x08003610                USART1_IRQHandler
                0x08003610                OTG_FS_IRQHandler
                0x08003610                SPI3_IRQHandler
                0x08003610                WAKEUP_PIN_IRQHandler
                0x08003610                DMA1_Stream4_IRQHandler
                0x08003610                OTG_FS_EP1_IN_IRQHandler
                0x08003610                I2C1_ER_IRQHandler
                0x08003610                FMC_IRQHandler
                0x08003610                FDCAN_CAL_IRQHandler
                0x08003610                SWPMI1_IRQHandler
                0x08003610                COMP1_IRQHandler
                0x08003610                LPTIM1_IRQHandler
                0x08003610                I2C4_ER_IRQHandler
                0x08003610                DMA2_Stream6_IRQHandler
                0x08003610                SAI1_IRQHandler
                0x08003610                DMA1_Stream3_IRQHandler
 *fill*         0x08003612        0x2 
 .text.BSP_LED_Init
                0x08003614       0xec ./Drivers/BSP/STM32H7xx_Nucleo/stm32h7xx_nucleo.o
                0x08003614                BSP_LED_Init
 .text.BSP_LED_On
                0x08003700       0x54 ./Drivers/BSP/STM32H7xx_Nucleo/stm32h7xx_nucleo.o
                0x08003700                BSP_LED_On
 .text.BSP_PB_Init
                0x08003754       0xe4 ./Drivers/BSP/STM32H7xx_Nucleo/stm32h7xx_nucleo.o
                0x08003754                BSP_PB_Init
 .text.BSP_PB_IRQHandler
                0x08003838       0x24 ./Drivers/BSP/STM32H7xx_Nucleo/stm32h7xx_nucleo.o
                0x08003838                BSP_PB_IRQHandler
 .text.BSP_PB_Callback
                0x0800385c       0x16 ./Drivers/BSP/STM32H7xx_Nucleo/stm32h7xx_nucleo.o
                0x0800385c                BSP_PB_Callback
 *fill*         0x08003872        0x2 
 .text.BSP_COM_Init
                0x08003874       0x60 ./Drivers/BSP/STM32H7xx_Nucleo/stm32h7xx_nucleo.o
                0x08003874                BSP_COM_Init
 .text.MX_USART3_Init
                0x080038d4       0x64 ./Drivers/BSP/STM32H7xx_Nucleo/stm32h7xx_nucleo.o
                0x080038d4                MX_USART3_Init
 .text.__io_putchar
                0x08003938       0x38 ./Drivers/BSP/STM32H7xx_Nucleo/stm32h7xx_nucleo.o
                0x08003938                __io_putchar
 .text.BUTTON_USER_EXTI_Callback
                0x08003970        0xe ./Drivers/BSP/STM32H7xx_Nucleo/stm32h7xx_nucleo.o
 *fill*         0x0800397e        0x2 
 .text.COM1_MspInit
                0x08003980       0xb0 ./Drivers/BSP/STM32H7xx_Nucleo/stm32h7xx_nucleo.o
 .text.HAL_Init
                0x08003a30       0x78 ./Drivers/STM32H7xx_HAL_Driver/stm32h7xx_hal.o
                0x08003a30                HAL_Init
 .text.HAL_InitTick
                0x08003aa8       0x6c ./Drivers/STM32H7xx_HAL_Driver/stm32h7xx_hal.o
                0x08003aa8                HAL_InitTick
 .text.HAL_IncTick
                0x08003b14       0x28 ./Drivers/STM32H7xx_HAL_Driver/stm32h7xx_hal.o
                0x08003b14                HAL_IncTick
 .text.HAL_GetTick
                0x08003b3c       0x18 ./Drivers/STM32H7xx_HAL_Driver/stm32h7xx_hal.o
                0x08003b3c                HAL_GetTick
 .text.HAL_Delay
                0x08003b54       0x48 ./Drivers/STM32H7xx_HAL_Driver/stm32h7xx_hal.o
                0x08003b54                HAL_Delay
 .text.HAL_GetREVID
                0x08003b9c       0x18 ./Drivers/STM32H7xx_HAL_Driver/stm32h7xx_hal.o
                0x08003b9c                HAL_GetREVID
 .text.__NVIC_SetPriorityGrouping
                0x08003bb4       0x48 ./Drivers/STM32H7xx_HAL_Driver/stm32h7xx_hal_cortex.o
 .text.__NVIC_GetPriorityGrouping
                0x08003bfc       0x1c ./Drivers/STM32H7xx_HAL_Driver/stm32h7xx_hal_cortex.o
 .text.__NVIC_EnableIRQ
                0x08003c18       0x3c ./Drivers/STM32H7xx_HAL_Driver/stm32h7xx_hal_cortex.o
 .text.__NVIC_SetPriority
                0x08003c54       0x54 ./Drivers/STM32H7xx_HAL_Driver/stm32h7xx_hal_cortex.o
 .text.NVIC_EncodePriority
                0x08003ca8       0x66 ./Drivers/STM32H7xx_HAL_Driver/stm32h7xx_hal_cortex.o
 *fill*         0x08003d0e        0x2 
 .text.SysTick_Config
                0x08003d10       0x44 ./Drivers/STM32H7xx_HAL_Driver/stm32h7xx_hal_cortex.o
 .text.HAL_NVIC_SetPriorityGrouping
                0x08003d54       0x16 ./Drivers/STM32H7xx_HAL_Driver/stm32h7xx_hal_cortex.o
                0x08003d54                HAL_NVIC_SetPriorityGrouping
 .text.HAL_NVIC_SetPriority
                0x08003d6a       0x34 ./Drivers/STM32H7xx_HAL_Driver/stm32h7xx_hal_cortex.o
                0x08003d6a                HAL_NVIC_SetPriority
 .text.HAL_NVIC_EnableIRQ
                0x08003d9e       0x1c ./Drivers/STM32H7xx_HAL_Driver/stm32h7xx_hal_cortex.o
                0x08003d9e                HAL_NVIC_EnableIRQ
 .text.HAL_SYSTICK_Config
                0x08003dba       0x18 ./Drivers/STM32H7xx_HAL_Driver/stm32h7xx_hal_cortex.o
                0x08003dba                HAL_SYSTICK_Config
 *fill*         0x08003dd2        0x2 
 .text.HAL_GetCurrentCPUID
                0x08003dd4       0x24 ./Drivers/STM32H7xx_HAL_Driver/stm32h7xx_hal_cortex.o
                0x08003dd4                HAL_GetCurrentCPUID
 .text.HAL_DCMI_Init
                0x08003df8       0xf4 ./Drivers/STM32H7xx_HAL_Driver/stm32h7xx_hal_dcmi.o
                0x08003df8                HAL_DCMI_Init
 .text.HAL_DCMI_IRQHandler
                0x08003eec      0x104 ./Drivers/STM32H7xx_HAL_Driver/stm32h7xx_hal_dcmi.o
                0x08003eec                HAL_DCMI_IRQHandler
 .text.HAL_DCMI_ErrorCallback
                0x08003ff0       0x14 ./Drivers/STM32H7xx_HAL_Driver/stm32h7xx_hal_dcmi.o
                0x08003ff0                HAL_DCMI_ErrorCallback
 .text.HAL_DCMI_LineEventCallback
                0x08004004       0x14 ./Drivers/STM32H7xx_HAL_Driver/stm32h7xx_hal_dcmi.o
                0x08004004                HAL_DCMI_LineEventCallback
 .text.HAL_DCMI_VsyncEventCallback
                0x08004018       0x14 ./Drivers/STM32H7xx_HAL_Driver/stm32h7xx_hal_dcmi.o
                0x08004018                HAL_DCMI_VsyncEventCallback
 .text.HAL_DCMI_FrameEventCallback
                0x0800402c       0x14 ./Drivers/STM32H7xx_HAL_Driver/stm32h7xx_hal_dcmi.o
                0x0800402c                HAL_DCMI_FrameEventCallback
 .text.DCMI_DMAError
                0x08004040       0x3a ./Drivers/STM32H7xx_HAL_Driver/stm32h7xx_hal_dcmi.o
 *fill*         0x0800407a        0x2 
 .text.HAL_DMA_Init
                0x0800407c      0x6b8 ./Drivers/STM32H7xx_HAL_Driver/stm32h7xx_hal_dma.o
                0x0800407c                HAL_DMA_Init
 .text.HAL_DMA_Abort_IT
                0x08004734      0x48c ./Drivers/STM32H7xx_HAL_Driver/stm32h7xx_hal_dma.o
                0x08004734                HAL_DMA_Abort_IT
 .text.HAL_DMA_IRQHandler
                0x08004bc0      0xe54 ./Drivers/STM32H7xx_HAL_Driver/stm32h7xx_hal_dma.o
                0x08004bc0                HAL_DMA_IRQHandler
 .text.DMA_CalcBaseAndBitshift
                0x08005a14      0x164 ./Drivers/STM32H7xx_HAL_Driver/stm32h7xx_hal_dma.o
 .text.DMA_CheckFifoParam
                0x08005b78       0xf8 ./Drivers/STM32H7xx_HAL_Driver/stm32h7xx_hal_dma.o
 .text.DMA_CalcDMAMUXChannelBaseAndMask
                0x08005c70      0x134 ./Drivers/STM32H7xx_HAL_Driver/stm32h7xx_hal_dma.o
 .text.DMA_CalcDMAMUXRequestGenBaseAndMask
                0x08005da4       0xe8 ./Drivers/STM32H7xx_HAL_Driver/stm32h7xx_hal_dma.o
 .text.HAL_EXTI_RegisterCallback
                0x08005e8c       0x3e ./Drivers/STM32H7xx_HAL_Driver/stm32h7xx_hal_exti.o
                0x08005e8c                HAL_EXTI_RegisterCallback
 .text.HAL_EXTI_GetHandle
                0x08005eca       0x28 ./Drivers/STM32H7xx_HAL_Driver/stm32h7xx_hal_exti.o
                0x08005eca                HAL_EXTI_GetHandle
 *fill*         0x08005ef2        0x2 
 .text.HAL_EXTI_IRQHandler
                0x08005ef4       0x78 ./Drivers/STM32H7xx_HAL_Driver/stm32h7xx_hal_exti.o
                0x08005ef4                HAL_EXTI_IRQHandler
 .text.HAL_GPIO_Init
                0x08005f6c      0x360 ./Drivers/STM32H7xx_HAL_Driver/stm32h7xx_hal_gpio.o
                0x08005f6c                HAL_GPIO_Init
 .text.HAL_GPIO_WritePin
                0x080062cc       0x32 ./Drivers/STM32H7xx_HAL_Driver/stm32h7xx_hal_gpio.o
                0x080062cc                HAL_GPIO_WritePin
 .text.HAL_GPIO_EXTI_IRQHandler
                0x080062fe       0x34 ./Drivers/STM32H7xx_HAL_Driver/stm32h7xx_hal_gpio.o
                0x080062fe                HAL_GPIO_EXTI_IRQHandler
 *fill*         0x08006332        0x2 
 .text.HAL_HSEM_FastTake
                0x08006334       0x34 ./Drivers/STM32H7xx_HAL_Driver/stm32h7xx_hal_hsem.o
                0x08006334                HAL_HSEM_FastTake
 .text.HAL_HSEM_Release
                0x08006368       0x28 ./Drivers/STM32H7xx_HAL_Driver/stm32h7xx_hal_hsem.o
                0x08006368                HAL_HSEM_Release
 .text.HAL_I2C_Init
                0x08006390      0x138 ./Drivers/STM32H7xx_HAL_Driver/stm32h7xx_hal_i2c.o
                0x08006390                HAL_I2C_Init
 .text.HAL_I2C_Master_Transmit
                0x080064c8      0x230 ./Drivers/STM32H7xx_HAL_Driver/stm32h7xx_hal_i2c.o
                0x080064c8                HAL_I2C_Master_Transmit
 .text.HAL_I2C_Master_Receive
                0x080066f8      0x1ec ./Drivers/STM32H7xx_HAL_Driver/stm32h7xx_hal_i2c.o
                0x080066f8                HAL_I2C_Master_Receive
 .text.HAL_I2C_Mem_Write
                0x080068e4      0x228 ./Drivers/STM32H7xx_HAL_Driver/stm32h7xx_hal_i2c.o
                0x080068e4                HAL_I2C_Mem_Write
 .text.HAL_I2C_Mem_Read
                0x08006b0c      0x234 ./Drivers/STM32H7xx_HAL_Driver/stm32h7xx_hal_i2c.o
                0x08006b0c                HAL_I2C_Mem_Read
 .text.I2C_RequestMemoryWrite
                0x08006d40       0xa8 ./Drivers/STM32H7xx_HAL_Driver/stm32h7xx_hal_i2c.o
 .text.I2C_RequestMemoryRead
                0x08006de8       0xa8 ./Drivers/STM32H7xx_HAL_Driver/stm32h7xx_hal_i2c.o
 .text.I2C_Flush_TXDR
                0x08006e90       0x48 ./Drivers/STM32H7xx_HAL_Driver/stm32h7xx_hal_i2c.o
 .text.I2C_WaitOnFlagUntilTimeout
                0x08006ed8       0xb2 ./Drivers/STM32H7xx_HAL_Driver/stm32h7xx_hal_i2c.o
 .text.I2C_WaitOnTXISFlagUntilTimeout
                0x08006f8a       0x8e ./Drivers/STM32H7xx_HAL_Driver/stm32h7xx_hal_i2c.o
 .text.I2C_WaitOnSTOPFlagUntilTimeout
                0x08007018       0x86 ./Drivers/STM32H7xx_HAL_Driver/stm32h7xx_hal_i2c.o
 *fill*         0x0800709e        0x2 
 .text.I2C_WaitOnRXNEFlagUntilTimeout
                0x080070a0      0x118 ./Drivers/STM32H7xx_HAL_Driver/stm32h7xx_hal_i2c.o
 .text.I2C_IsErrorOccurred
                0x080071b8      0x1c0 ./Drivers/STM32H7xx_HAL_Driver/stm32h7xx_hal_i2c.o
 .text.I2C_TransferConfig
                0x08007378       0x64 ./Drivers/STM32H7xx_HAL_Driver/stm32h7xx_hal_i2c.o
 .text.HAL_I2CEx_ConfigAnalogFilter
                0x080073dc       0x96 ./Drivers/STM32H7xx_HAL_Driver/stm32h7xx_hal_i2c_ex.o
                0x080073dc                HAL_I2CEx_ConfigAnalogFilter
 .text.HAL_I2CEx_ConfigDigitalFilter
                0x08007472       0x98 ./Drivers/STM32H7xx_HAL_Driver/stm32h7xx_hal_i2c_ex.o
                0x08007472                HAL_I2CEx_ConfigDigitalFilter
 *fill*         0x0800750a        0x2 
 .text.HAL_PWREx_ConfigSupply
                0x0800750c       0xb4 ./Drivers/STM32H7xx_HAL_Driver/stm32h7xx_hal_pwr_ex.o
                0x0800750c                HAL_PWREx_ConfigSupply
 .text.HAL_RCC_OscConfig
                0x080075c0      0x8b4 ./Drivers/STM32H7xx_HAL_Driver/stm32h7xx_hal_rcc.o
                0x080075c0                HAL_RCC_OscConfig
 .text.HAL_RCC_ClockConfig
                0x08007e74      0x36c ./Drivers/STM32H7xx_HAL_Driver/stm32h7xx_hal_rcc.o
                0x08007e74                HAL_RCC_ClockConfig
 .text.HAL_RCC_MCOConfig
                0x080081e0       0xd4 ./Drivers/STM32H7xx_HAL_Driver/stm32h7xx_hal_rcc.o
                0x080081e0                HAL_RCC_MCOConfig
 .text.HAL_RCC_GetSysClockFreq
                0x080082b4      0x2f4 ./Drivers/STM32H7xx_HAL_Driver/stm32h7xx_hal_rcc.o
                0x080082b4                HAL_RCC_GetSysClockFreq
 .text.HAL_RCC_GetHCLKFreq
                0x080085a8       0x60 ./Drivers/STM32H7xx_HAL_Driver/stm32h7xx_hal_rcc.o
                0x080085a8                HAL_RCC_GetHCLKFreq
 .text.HAL_RCC_GetPCLK1Freq
                0x08008608       0x2c ./Drivers/STM32H7xx_HAL_Driver/stm32h7xx_hal_rcc.o
                0x08008608                HAL_RCC_GetPCLK1Freq
 .text.HAL_RCC_GetPCLK2Freq
                0x08008634       0x2c ./Drivers/STM32H7xx_HAL_Driver/stm32h7xx_hal_rcc.o
                0x08008634                HAL_RCC_GetPCLK2Freq
 .text.HAL_RCCEx_PeriphCLKConfig
                0x08008660     0x1414 ./Drivers/STM32H7xx_HAL_Driver/stm32h7xx_hal_rcc_ex.o
                0x08008660                HAL_RCCEx_PeriphCLKConfig
 .text.HAL_RCCEx_GetD3PCLK1Freq
                0x08009a74       0x2c ./Drivers/STM32H7xx_HAL_Driver/stm32h7xx_hal_rcc_ex.o
                0x08009a74                HAL_RCCEx_GetD3PCLK1Freq
 .text.HAL_RCCEx_GetPLL2ClockFreq
                0x08009aa0      0x2a8 ./Drivers/STM32H7xx_HAL_Driver/stm32h7xx_hal_rcc_ex.o
                0x08009aa0                HAL_RCCEx_GetPLL2ClockFreq
 .text.HAL_RCCEx_GetPLL3ClockFreq
                0x08009d48      0x2a8 ./Drivers/STM32H7xx_HAL_Driver/stm32h7xx_hal_rcc_ex.o
                0x08009d48                HAL_RCCEx_GetPLL3ClockFreq
 .text.RCCEx_PLL2_Config
                0x08009ff0      0x164 ./Drivers/STM32H7xx_HAL_Driver/stm32h7xx_hal_rcc_ex.o
 .text.RCCEx_PLL3_Config
                0x0800a154      0x164 ./Drivers/STM32H7xx_HAL_Driver/stm32h7xx_hal_rcc_ex.o
 .text.HAL_UART_Init
                0x0800a2b8       0xa0 ./Drivers/STM32H7xx_HAL_Driver/stm32h7xx_hal_uart.o
                0x0800a2b8                HAL_UART_Init
 .text.HAL_UART_MspInit
                0x0800a358       0x14 ./Drivers/STM32H7xx_HAL_Driver/stm32h7xx_hal_uart.o
                0x0800a358                HAL_UART_MspInit
 .text.HAL_UART_Transmit
                0x0800a36c      0x11c ./Drivers/STM32H7xx_HAL_Driver/stm32h7xx_hal_uart.o
                0x0800a36c                HAL_UART_Transmit
 .text.UART_SetConfig
                0x0800a488      0xad0 ./Drivers/STM32H7xx_HAL_Driver/stm32h7xx_hal_uart.o
                0x0800a488                UART_SetConfig
 .text.UART_AdvFeatureConfig
                0x0800af58      0x144 ./Drivers/STM32H7xx_HAL_Driver/stm32h7xx_hal_uart.o
                0x0800af58                UART_AdvFeatureConfig
 .text.UART_CheckIdleState
                0x0800b09c      0x154 ./Drivers/STM32H7xx_HAL_Driver/stm32h7xx_hal_uart.o
                0x0800b09c                UART_CheckIdleState
 .text.UART_WaitOnFlagUntilTimeout
                0x0800b1f0       0xda ./Drivers/STM32H7xx_HAL_Driver/stm32h7xx_hal_uart.o
                0x0800b1f0                UART_WaitOnFlagUntilTimeout
 *fill*         0x0800b2ca        0x2 
 .text.UART_EndRxTransfer
                0x0800b2cc       0xcc ./Drivers/STM32H7xx_HAL_Driver/stm32h7xx_hal_uart.o
 .text.__cvt    0x0800b398       0xa8 C:/Program Files/ST/STM32CubeIDE_1.19.0/STM32CubeIDE/plugins/com.st.stm32cube.ide.mcu.externaltools.gnu-tools-for-stm32.13.3.rel1.win32_1.0.0.202411081344/tools/bin/../lib/gcc/arm-none-eabi/13.3.1/../../../../arm-none-eabi/lib/thumb/v7e-m+dp/hard\libc_nano.a(libc_a-nano-vfprintf_float.o)
                0x0800b398                __cvt
 .text.__exponent
                0x0800b440       0x74 C:/Program Files/ST/STM32CubeIDE_1.19.0/STM32CubeIDE/plugins/com.st.stm32cube.ide.mcu.externaltools.gnu-tools-for-stm32.13.3.rel1.win32_1.0.0.202411081344/tools/bin/../lib/gcc/arm-none-eabi/13.3.1/../../../../arm-none-eabi/lib/thumb/v7e-m+dp/hard\libc_nano.a(libc_a-nano-vfprintf_float.o)
                0x0800b440                __exponent
 *fill*         0x0800b4b4        0x4 
 .text._printf_float
                0x0800b4b8      0x434 C:/Program Files/ST/STM32CubeIDE_1.19.0/STM32CubeIDE/plugins/com.st.stm32cube.ide.mcu.externaltools.gnu-tools-for-stm32.13.3.rel1.win32_1.0.0.202411081344/tools/bin/../lib/gcc/arm-none-eabi/13.3.1/../../../../arm-none-eabi/lib/thumb/v7e-m+dp/hard\libc_nano.a(libc_a-nano-vfprintf_float.o)
                0x0800b4b8                _printf_float
 .text._printf_common
                0x0800b8ec       0xda C:/Program Files/ST/STM32CubeIDE_1.19.0/STM32CubeIDE/plugins/com.st.stm32cube.ide.mcu.externaltools.gnu-tools-for-stm32.13.3.rel1.win32_1.0.0.202411081344/tools/bin/../lib/gcc/arm-none-eabi/13.3.1/../../../../arm-none-eabi/lib/thumb/v7e-m+dp/hard\libc_nano.a(libc_a-nano-vfprintf_i.o)
                0x0800b8ec                _printf_common
 *fill*         0x0800b9c6        0x2 
 .text._printf_i
                0x0800b9c8      0x23c C:/Program Files/ST/STM32CubeIDE_1.19.0/STM32CubeIDE/plugins/com.st.stm32cube.ide.mcu.externaltools.gnu-tools-for-stm32.13.3.rel1.win32_1.0.0.202411081344/tools/bin/../lib/gcc/arm-none-eabi/13.3.1/../../../../arm-none-eabi/lib/thumb/v7e-m+dp/hard\libc_nano.a(libc_a-nano-vfprintf_i.o)
                0x0800b9c8                _printf_i
 .text.std      0x0800bc04       0x6c C:/Program Files/ST/STM32CubeIDE_1.19.0/STM32CubeIDE/plugins/com.st.stm32cube.ide.mcu.externaltools.gnu-tools-for-stm32.13.3.rel1.win32_1.0.0.202411081344/tools/bin/../lib/gcc/arm-none-eabi/13.3.1/../../../../arm-none-eabi/lib/thumb/v7e-m+dp/hard\libc_nano.a(libc_a-findfp.o)
 .text.stdio_exit_handler
                0x0800bc70       0x18 C:/Program Files/ST/STM32CubeIDE_1.19.0/STM32CubeIDE/plugins/com.st.stm32cube.ide.mcu.externaltools.gnu-tools-for-stm32.13.3.rel1.win32_1.0.0.202411081344/tools/bin/../lib/gcc/arm-none-eabi/13.3.1/../../../../arm-none-eabi/lib/thumb/v7e-m+dp/hard\libc_nano.a(libc_a-findfp.o)
 .text.cleanup_stdio
                0x0800bc88       0x40 C:/Program Files/ST/STM32CubeIDE_1.19.0/STM32CubeIDE/plugins/com.st.stm32cube.ide.mcu.externaltools.gnu-tools-for-stm32.13.3.rel1.win32_1.0.0.202411081344/tools/bin/../lib/gcc/arm-none-eabi/13.3.1/../../../../arm-none-eabi/lib/thumb/v7e-m+dp/hard\libc_nano.a(libc_a-findfp.o)
 .text.global_stdio_init.part.0
                0x0800bcc8       0x3c C:/Program Files/ST/STM32CubeIDE_1.19.0/STM32CubeIDE/plugins/com.st.stm32cube.ide.mcu.externaltools.gnu-tools-for-stm32.13.3.rel1.win32_1.0.0.202411081344/tools/bin/../lib/gcc/arm-none-eabi/13.3.1/../../../../arm-none-eabi/lib/thumb/v7e-m+dp/hard\libc_nano.a(libc_a-findfp.o)
 .text.__sfp_lock_acquire
                0x0800bd04        0xc C:/Program Files/ST/STM32CubeIDE_1.19.0/STM32CubeIDE/plugins/com.st.stm32cube.ide.mcu.externaltools.gnu-tools-for-stm32.13.3.rel1.win32_1.0.0.202411081344/tools/bin/../lib/gcc/arm-none-eabi/13.3.1/../../../../arm-none-eabi/lib/thumb/v7e-m+dp/hard\libc_nano.a(libc_a-findfp.o)
                0x0800bd04                __sfp_lock_acquire
 .text.__sfp_lock_release
                0x0800bd10        0xc C:/Program Files/ST/STM32CubeIDE_1.19.0/STM32CubeIDE/plugins/com.st.stm32cube.ide.mcu.externaltools.gnu-tools-for-stm32.13.3.rel1.win32_1.0.0.202411081344/tools/bin/../lib/gcc/arm-none-eabi/13.3.1/../../../../arm-none-eabi/lib/thumb/v7e-m+dp/hard\libc_nano.a(libc_a-findfp.o)
                0x0800bd10                __sfp_lock_release
 .text.__sinit  0x0800bd1c       0x30 C:/Program Files/ST/STM32CubeIDE_1.19.0/STM32CubeIDE/plugins/com.st.stm32cube.ide.mcu.externaltools.gnu-tools-for-stm32.13.3.rel1.win32_1.0.0.202411081344/tools/bin/../lib/gcc/arm-none-eabi/13.3.1/../../../../arm-none-eabi/lib/thumb/v7e-m+dp/hard\libc_nano.a(libc_a-findfp.o)
                0x0800bd1c                __sinit
 .text._fwalk_sglue
                0x0800bd4c       0x3c C:/Program Files/ST/STM32CubeIDE_1.19.0/STM32CubeIDE/plugins/com.st.stm32cube.ide.mcu.externaltools.gnu-tools-for-stm32.13.3.rel1.win32_1.0.0.202411081344/tools/bin/../lib/gcc/arm-none-eabi/13.3.1/../../../../arm-none-eabi/lib/thumb/v7e-m+dp/hard\libc_nano.a(libc_a-fwalk.o)
                0x0800bd4c                _fwalk_sglue
 .text.printf   0x0800bd88       0x24 C:/Program Files/ST/STM32CubeIDE_1.19.0/STM32CubeIDE/plugins/com.st.stm32cube.ide.mcu.externaltools.gnu-tools-for-stm32.13.3.rel1.win32_1.0.0.202411081344/tools/bin/../lib/gcc/arm-none-eabi/13.3.1/../../../../arm-none-eabi/lib/thumb/v7e-m+dp/hard\libc_nano.a(libc_a-printf.o)
                0x0800bd88                iprintf
                0x0800bd88                printf
 .text._puts_r  0x0800bdac       0xaa C:/Program Files/ST/STM32CubeIDE_1.19.0/STM32CubeIDE/plugins/com.st.stm32cube.ide.mcu.externaltools.gnu-tools-for-stm32.13.3.rel1.win32_1.0.0.202411081344/tools/bin/../lib/gcc/arm-none-eabi/13.3.1/../../../../arm-none-eabi/lib/thumb/v7e-m+dp/hard\libc_nano.a(libc_a-puts.o)
                0x0800bdac                _puts_r
 *fill*         0x0800be56        0x2 
 .text.puts     0x0800be58       0x10 C:/Program Files/ST/STM32CubeIDE_1.19.0/STM32CubeIDE/plugins/com.st.stm32cube.ide.mcu.externaltools.gnu-tools-for-stm32.13.3.rel1.win32_1.0.0.202411081344/tools/bin/../lib/gcc/arm-none-eabi/13.3.1/../../../../arm-none-eabi/lib/thumb/v7e-m+dp/hard\libc_nano.a(libc_a-puts.o)
                0x0800be58                puts
 .text.__sread  0x0800be68       0x22 C:/Program Files/ST/STM32CubeIDE_1.19.0/STM32CubeIDE/plugins/com.st.stm32cube.ide.mcu.externaltools.gnu-tools-for-stm32.13.3.rel1.win32_1.0.0.202411081344/tools/bin/../lib/gcc/arm-none-eabi/13.3.1/../../../../arm-none-eabi/lib/thumb/v7e-m+dp/hard\libc_nano.a(libc_a-stdio.o)
                0x0800be68                __sread
 .text.__swrite
                0x0800be8a       0x38 C:/Program Files/ST/STM32CubeIDE_1.19.0/STM32CubeIDE/plugins/com.st.stm32cube.ide.mcu.externaltools.gnu-tools-for-stm32.13.3.rel1.win32_1.0.0.202411081344/tools/bin/../lib/gcc/arm-none-eabi/13.3.1/../../../../arm-none-eabi/lib/thumb/v7e-m+dp/hard\libc_nano.a(libc_a-stdio.o)
                0x0800be8a                __swrite
 .text.__sseek  0x0800bec2       0x24 C:/Program Files/ST/STM32CubeIDE_1.19.0/STM32CubeIDE/plugins/com.st.stm32cube.ide.mcu.externaltools.gnu-tools-for-stm32.13.3.rel1.win32_1.0.0.202411081344/tools/bin/../lib/gcc/arm-none-eabi/13.3.1/../../../../arm-none-eabi/lib/thumb/v7e-m+dp/hard\libc_nano.a(libc_a-stdio.o)
                0x0800bec2                __sseek
 .text.__sclose
                0x0800bee6        0x8 C:/Program Files/ST/STM32CubeIDE_1.19.0/STM32CubeIDE/plugins/com.st.stm32cube.ide.mcu.externaltools.gnu-tools-for-stm32.13.3.rel1.win32_1.0.0.202411081344/tools/bin/../lib/gcc/arm-none-eabi/13.3.1/../../../../arm-none-eabi/lib/thumb/v7e-m+dp/hard\libc_nano.a(libc_a-stdio.o)
                0x0800bee6                __sclose
 .text.__swbuf_r
                0x0800beee       0x7c C:/Program Files/ST/STM32CubeIDE_1.19.0/STM32CubeIDE/plugins/com.st.stm32cube.ide.mcu.externaltools.gnu-tools-for-stm32.13.3.rel1.win32_1.0.0.202411081344/tools/bin/../lib/gcc/arm-none-eabi/13.3.1/../../../../arm-none-eabi/lib/thumb/v7e-m+dp/hard\libc_nano.a(libc_a-wbuf.o)
                0x0800beee                __swbuf_r
 *fill*         0x0800bf6a        0x2 
 .text.__swsetup_r
                0x0800bf6c       0xac C:/Program Files/ST/STM32CubeIDE_1.19.0/STM32CubeIDE/plugins/com.st.stm32cube.ide.mcu.externaltools.gnu-tools-for-stm32.13.3.rel1.win32_1.0.0.202411081344/tools/bin/../lib/gcc/arm-none-eabi/13.3.1/../../../../arm-none-eabi/lib/thumb/v7e-m+dp/hard\libc_nano.a(libc_a-wsetup.o)
                0x0800bf6c                __swsetup_r
 .text.memset   0x0800c018       0x10 C:/Program Files/ST/STM32CubeIDE_1.19.0/STM32CubeIDE/plugins/com.st.stm32cube.ide.mcu.externaltools.gnu-tools-for-stm32.13.3.rel1.win32_1.0.0.202411081344/tools/bin/../lib/gcc/arm-none-eabi/13.3.1/../../../../arm-none-eabi/lib/thumb/v7e-m+dp/hard\libc_nano.a(libc_a-memset.o)
                0x0800c018                memset
 .text._localeconv_r
                0x0800c028        0x8 C:/Program Files/ST/STM32CubeIDE_1.19.0/STM32CubeIDE/plugins/com.st.stm32cube.ide.mcu.externaltools.gnu-tools-for-stm32.13.3.rel1.win32_1.0.0.202411081344/tools/bin/../lib/gcc/arm-none-eabi/13.3.1/../../../../arm-none-eabi/lib/thumb/v7e-m+dp/hard\libc_nano.a(libc_a-localeconv.o)
                0x0800c028                _localeconv_r
 .text._close_r
                0x0800c030       0x20 C:/Program Files/ST/STM32CubeIDE_1.19.0/STM32CubeIDE/plugins/com.st.stm32cube.ide.mcu.externaltools.gnu-tools-for-stm32.13.3.rel1.win32_1.0.0.202411081344/tools/bin/../lib/gcc/arm-none-eabi/13.3.1/../../../../arm-none-eabi/lib/thumb/v7e-m+dp/hard\libc_nano.a(libc_a-closer.o)
                0x0800c030                _close_r
 .text._lseek_r
                0x0800c050       0x24 C:/Program Files/ST/STM32CubeIDE_1.19.0/STM32CubeIDE/plugins/com.st.stm32cube.ide.mcu.externaltools.gnu-tools-for-stm32.13.3.rel1.win32_1.0.0.202411081344/tools/bin/../lib/gcc/arm-none-eabi/13.3.1/../../../../arm-none-eabi/lib/thumb/v7e-m+dp/hard\libc_nano.a(libc_a-lseekr.o)
                0x0800c050                _lseek_r
 .text._read_r  0x0800c074       0x24 C:/Program Files/ST/STM32CubeIDE_1.19.0/STM32CubeIDE/plugins/com.st.stm32cube.ide.mcu.externaltools.gnu-tools-for-stm32.13.3.rel1.win32_1.0.0.202411081344/tools/bin/../lib/gcc/arm-none-eabi/13.3.1/../../../../arm-none-eabi/lib/thumb/v7e-m+dp/hard\libc_nano.a(libc_a-readr.o)
                0x0800c074                _read_r
 .text._write_r
                0x0800c098       0x24 C:/Program Files/ST/STM32CubeIDE_1.19.0/STM32CubeIDE/plugins/com.st.stm32cube.ide.mcu.externaltools.gnu-tools-for-stm32.13.3.rel1.win32_1.0.0.202411081344/tools/bin/../lib/gcc/arm-none-eabi/13.3.1/../../../../arm-none-eabi/lib/thumb/v7e-m+dp/hard\libc_nano.a(libc_a-writer.o)
                0x0800c098                _write_r
 .text.__errno  0x0800c0bc        0xc C:/Program Files/ST/STM32CubeIDE_1.19.0/STM32CubeIDE/plugins/com.st.stm32cube.ide.mcu.externaltools.gnu-tools-for-stm32.13.3.rel1.win32_1.0.0.202411081344/tools/bin/../lib/gcc/arm-none-eabi/13.3.1/../../../../arm-none-eabi/lib/thumb/v7e-m+dp/hard\libc_nano.a(libc_a-errno.o)
                0x0800c0bc                __errno
 .text.__libc_init_array
                0x0800c0c8       0x48 C:/Program Files/ST/STM32CubeIDE_1.19.0/STM32CubeIDE/plugins/com.st.stm32cube.ide.mcu.externaltools.gnu-tools-for-stm32.13.3.rel1.win32_1.0.0.202411081344/tools/bin/../lib/gcc/arm-none-eabi/13.3.1/../../../../arm-none-eabi/lib/thumb/v7e-m+dp/hard\libc_nano.a(libc_a-init.o)
                0x0800c0c8                __libc_init_array
 .text.__retarget_lock_init_recursive
                0x0800c110        0x2 C:/Program Files/ST/STM32CubeIDE_1.19.0/STM32CubeIDE/plugins/com.st.stm32cube.ide.mcu.externaltools.gnu-tools-for-stm32.13.3.rel1.win32_1.0.0.202411081344/tools/bin/../lib/gcc/arm-none-eabi/13.3.1/../../../../arm-none-eabi/lib/thumb/v7e-m+dp/hard\libc_nano.a(libc_a-lock.o)
                0x0800c110                __retarget_lock_init_recursive
 .text.__retarget_lock_acquire_recursive
                0x0800c112        0x2 C:/Program Files/ST/STM32CubeIDE_1.19.0/STM32CubeIDE/plugins/com.st.stm32cube.ide.mcu.externaltools.gnu-tools-for-stm32.13.3.rel1.win32_1.0.0.202411081344/tools/bin/../lib/gcc/arm-none-eabi/13.3.1/../../../../arm-none-eabi/lib/thumb/v7e-m+dp/hard\libc_nano.a(libc_a-lock.o)
                0x0800c112                __retarget_lock_acquire_recursive
 .text.__retarget_lock_release_recursive
                0x0800c114        0x2 C:/Program Files/ST/STM32CubeIDE_1.19.0/STM32CubeIDE/plugins/com.st.stm32cube.ide.mcu.externaltools.gnu-tools-for-stm32.13.3.rel1.win32_1.0.0.202411081344/tools/bin/../lib/gcc/arm-none-eabi/13.3.1/../../../../arm-none-eabi/lib/thumb/v7e-m+dp/hard\libc_nano.a(libc_a-lock.o)
                0x0800c114                __retarget_lock_release_recursive
 .text.memcpy   0x0800c116       0x1c C:/Program Files/ST/STM32CubeIDE_1.19.0/STM32CubeIDE/plugins/com.st.stm32cube.ide.mcu.externaltools.gnu-tools-for-stm32.13.3.rel1.win32_1.0.0.202411081344/tools/bin/../lib/gcc/arm-none-eabi/13.3.1/../../../../arm-none-eabi/lib/thumb/v7e-m+dp/hard\libc_nano.a(libc_a-memcpy-stub.o)
                0x0800c116                memcpy
 .text.quorem   0x0800c132      0x110 C:/Program Files/ST/STM32CubeIDE_1.19.0/STM32CubeIDE/plugins/com.st.stm32cube.ide.mcu.externaltools.gnu-tools-for-stm32.13.3.rel1.win32_1.0.0.202411081344/tools/bin/../lib/gcc/arm-none-eabi/13.3.1/../../../../arm-none-eabi/lib/thumb/v7e-m+dp/hard\libc_nano.a(libc_a-dtoa.o)
 *fill*         0x0800c242        0x6 
 .text._dtoa_r  0x0800c248      0xabc C:/Program Files/ST/STM32CubeIDE_1.19.0/STM32CubeIDE/plugins/com.st.stm32cube.ide.mcu.externaltools.gnu-tools-for-stm32.13.3.rel1.win32_1.0.0.202411081344/tools/bin/../lib/gcc/arm-none-eabi/13.3.1/../../../../arm-none-eabi/lib/thumb/v7e-m+dp/hard\libc_nano.a(libc_a-dtoa.o)
                0x0800c248                _dtoa_r
 .text._free_r  0x0800cd04       0x94 C:/Program Files/ST/STM32CubeIDE_1.19.0/STM32CubeIDE/plugins/com.st.stm32cube.ide.mcu.externaltools.gnu-tools-for-stm32.13.3.rel1.win32_1.0.0.202411081344/tools/bin/../lib/gcc/arm-none-eabi/13.3.1/../../../../arm-none-eabi/lib/thumb/v7e-m+dp/hard\libc_nano.a(libc_a-freer.o)
                0x0800cd04                _free_r
 .text.malloc   0x0800cd98       0x10 C:/Program Files/ST/STM32CubeIDE_1.19.0/STM32CubeIDE/plugins/com.st.stm32cube.ide.mcu.externaltools.gnu-tools-for-stm32.13.3.rel1.win32_1.0.0.202411081344/tools/bin/../lib/gcc/arm-none-eabi/13.3.1/../../../../arm-none-eabi/lib/thumb/v7e-m+dp/hard\libc_nano.a(libc_a-malloc.o)
                0x0800cd98                malloc
 .text.sbrk_aligned
                0x0800cda8       0x44 C:/Program Files/ST/STM32CubeIDE_1.19.0/STM32CubeIDE/plugins/com.st.stm32cube.ide.mcu.externaltools.gnu-tools-for-stm32.13.3.rel1.win32_1.0.0.202411081344/tools/bin/../lib/gcc/arm-none-eabi/13.3.1/../../../../arm-none-eabi/lib/thumb/v7e-m+dp/hard\libc_nano.a(libc_a-mallocr.o)
 .text._malloc_r
                0x0800cdec      0x100 C:/Program Files/ST/STM32CubeIDE_1.19.0/STM32CubeIDE/plugins/com.st.stm32cube.ide.mcu.externaltools.gnu-tools-for-stm32.13.3.rel1.win32_1.0.0.202411081344/tools/bin/../lib/gcc/arm-none-eabi/13.3.1/../../../../arm-none-eabi/lib/thumb/v7e-m+dp/hard\libc_nano.a(libc_a-mallocr.o)
                0x0800cdec                _malloc_r
 .text.__malloc_lock
                0x0800ceec        0xc C:/Program Files/ST/STM32CubeIDE_1.19.0/STM32CubeIDE/plugins/com.st.stm32cube.ide.mcu.externaltools.gnu-tools-for-stm32.13.3.rel1.win32_1.0.0.202411081344/tools/bin/../lib/gcc/arm-none-eabi/13.3.1/../../../../arm-none-eabi/lib/thumb/v7e-m+dp/hard\libc_nano.a(libc_a-mlock.o)
                0x0800ceec                __malloc_lock
 .text.__malloc_unlock
                0x0800cef8        0xc C:/Program Files/ST/STM32CubeIDE_1.19.0/STM32CubeIDE/plugins/com.st.stm32cube.ide.mcu.externaltools.gnu-tools-for-stm32.13.3.rel1.win32_1.0.0.202411081344/tools/bin/../lib/gcc/arm-none-eabi/13.3.1/../../../../arm-none-eabi/lib/thumb/v7e-m+dp/hard\libc_nano.a(libc_a-mlock.o)
                0x0800cef8                __malloc_unlock
 .text._Balloc  0x0800cf04       0x80 C:/Program Files/ST/STM32CubeIDE_1.19.0/STM32CubeIDE/plugins/com.st.stm32cube.ide.mcu.externaltools.gnu-tools-for-stm32.13.3.rel1.win32_1.0.0.202411081344/tools/bin/../lib/gcc/arm-none-eabi/13.3.1/../../../../arm-none-eabi/lib/thumb/v7e-m+dp/hard\libc_nano.a(libc_a-mprec.o)
                0x0800cf04                _Balloc
 .text._Bfree   0x0800cf84       0x44 C:/Program Files/ST/STM32CubeIDE_1.19.0/STM32CubeIDE/plugins/com.st.stm32cube.ide.mcu.externaltools.gnu-tools-for-stm32.13.3.rel1.win32_1.0.0.202411081344/tools/bin/../lib/gcc/arm-none-eabi/13.3.1/../../../../arm-none-eabi/lib/thumb/v7e-m+dp/hard\libc_nano.a(libc_a-mprec.o)
                0x0800cf84                _Bfree
 .text.__multadd
                0x0800cfc8       0x8c C:/Program Files/ST/STM32CubeIDE_1.19.0/STM32CubeIDE/plugins/com.st.stm32cube.ide.mcu.externaltools.gnu-tools-for-stm32.13.3.rel1.win32_1.0.0.202411081344/tools/bin/../lib/gcc/arm-none-eabi/13.3.1/../../../../arm-none-eabi/lib/thumb/v7e-m+dp/hard\libc_nano.a(libc_a-mprec.o)
                0x0800cfc8                __multadd
 .text.__hi0bits
                0x0800d054       0x3e C:/Program Files/ST/STM32CubeIDE_1.19.0/STM32CubeIDE/plugins/com.st.stm32cube.ide.mcu.externaltools.gnu-tools-for-stm32.13.3.rel1.win32_1.0.0.202411081344/tools/bin/../lib/gcc/arm-none-eabi/13.3.1/../../../../arm-none-eabi/lib/thumb/v7e-m+dp/hard\libc_nano.a(libc_a-mprec.o)
                0x0800d054                __hi0bits
 .text.__lo0bits
                0x0800d092       0x5a C:/Program Files/ST/STM32CubeIDE_1.19.0/STM32CubeIDE/plugins/com.st.stm32cube.ide.mcu.externaltools.gnu-tools-for-stm32.13.3.rel1.win32_1.0.0.202411081344/tools/bin/../lib/gcc/arm-none-eabi/13.3.1/../../../../arm-none-eabi/lib/thumb/v7e-m+dp/hard\libc_nano.a(libc_a-mprec.o)
                0x0800d092                __lo0bits
 .text.__i2b    0x0800d0ec       0x2c C:/Program Files/ST/STM32CubeIDE_1.19.0/STM32CubeIDE/plugins/com.st.stm32cube.ide.mcu.externaltools.gnu-tools-for-stm32.13.3.rel1.win32_1.0.0.202411081344/tools/bin/../lib/gcc/arm-none-eabi/13.3.1/../../../../arm-none-eabi/lib/thumb/v7e-m+dp/hard\libc_nano.a(libc_a-mprec.o)
                0x0800d0ec                __i2b
 .text.__multiply
                0x0800d118      0x144 C:/Program Files/ST/STM32CubeIDE_1.19.0/STM32CubeIDE/plugins/com.st.stm32cube.ide.mcu.externaltools.gnu-tools-for-stm32.13.3.rel1.win32_1.0.0.202411081344/tools/bin/../lib/gcc/arm-none-eabi/13.3.1/../../../../arm-none-eabi/lib/thumb/v7e-m+dp/hard\libc_nano.a(libc_a-mprec.o)
                0x0800d118                __multiply
 .text.__pow5mult
                0x0800d25c       0xb4 C:/Program Files/ST/STM32CubeIDE_1.19.0/STM32CubeIDE/plugins/com.st.stm32cube.ide.mcu.externaltools.gnu-tools-for-stm32.13.3.rel1.win32_1.0.0.202411081344/tools/bin/../lib/gcc/arm-none-eabi/13.3.1/../../../../arm-none-eabi/lib/thumb/v7e-m+dp/hard\libc_nano.a(libc_a-mprec.o)
                0x0800d25c                __pow5mult
 .text.__lshift
                0x0800d310       0xd8 C:/Program Files/ST/STM32CubeIDE_1.19.0/STM32CubeIDE/plugins/com.st.stm32cube.ide.mcu.externaltools.gnu-tools-for-stm32.13.3.rel1.win32_1.0.0.202411081344/tools/bin/../lib/gcc/arm-none-eabi/13.3.1/../../../../arm-none-eabi/lib/thumb/v7e-m+dp/hard\libc_nano.a(libc_a-mprec.o)
                0x0800d310                __lshift
 .text.__mcmp   0x0800d3e8       0x36 C:/Program Files/ST/STM32CubeIDE_1.19.0/STM32CubeIDE/plugins/com.st.stm32cube.ide.mcu.externaltools.gnu-tools-for-stm32.13.3.rel1.win32_1.0.0.202411081344/tools/bin/../lib/gcc/arm-none-eabi/13.3.1/../../../../arm-none-eabi/lib/thumb/v7e-m+dp/hard\libc_nano.a(libc_a-mprec.o)
                0x0800d3e8                __mcmp
 *fill*         0x0800d41e        0x2 
 .text.__mdiff  0x0800d420      0x128 C:/Program Files/ST/STM32CubeIDE_1.19.0/STM32CubeIDE/plugins/com.st.stm32cube.ide.mcu.externaltools.gnu-tools-for-stm32.13.3.rel1.win32_1.0.0.202411081344/tools/bin/../lib/gcc/arm-none-eabi/13.3.1/../../../../arm-none-eabi/lib/thumb/v7e-m+dp/hard\libc_nano.a(libc_a-mprec.o)
                0x0800d420                __mdiff
 .text.__d2b    0x0800d548       0xb0 C:/Program Files/ST/STM32CubeIDE_1.19.0/STM32CubeIDE/plugins/com.st.stm32cube.ide.mcu.externaltools.gnu-tools-for-stm32.13.3.rel1.win32_1.0.0.202411081344/tools/bin/../lib/gcc/arm-none-eabi/13.3.1/../../../../arm-none-eabi/lib/thumb/v7e-m+dp/hard\libc_nano.a(libc_a-mprec.o)
                0x0800d548                __d2b
 .text.__sfputc_r
                0x0800d5f8       0x2e C:/Program Files/ST/STM32CubeIDE_1.19.0/STM32CubeIDE/plugins/com.st.stm32cube.ide.mcu.externaltools.gnu-tools-for-stm32.13.3.rel1.win32_1.0.0.202411081344/tools/bin/../lib/gcc/arm-none-eabi/13.3.1/../../../../arm-none-eabi/lib/thumb/v7e-m+dp/hard\libc_nano.a(libc_a-nano-vfprintf.o)
 .text.__sfputs_r
                0x0800d626       0x24 C:/Program Files/ST/STM32CubeIDE_1.19.0/STM32CubeIDE/plugins/com.st.stm32cube.ide.mcu.externaltools.gnu-tools-for-stm32.13.3.rel1.win32_1.0.0.202411081344/tools/bin/../lib/gcc/arm-none-eabi/13.3.1/../../../../arm-none-eabi/lib/thumb/v7e-m+dp/hard\libc_nano.a(libc_a-nano-vfprintf.o)
                0x0800d626                __sfputs_r
 *fill*         0x0800d64a        0x2 
 .text._vfprintf_r
                0x0800d64c      0x230 C:/Program Files/ST/STM32CubeIDE_1.19.0/STM32CubeIDE/plugins/com.st.stm32cube.ide.mcu.externaltools.gnu-tools-for-stm32.13.3.rel1.win32_1.0.0.202411081344/tools/bin/../lib/gcc/arm-none-eabi/13.3.1/../../../../arm-none-eabi/lib/thumb/v7e-m+dp/hard\libc_nano.a(libc_a-nano-vfprintf.o)
                0x0800d64c                _vfprintf_r
                0x0800d64c                _vfiprintf_r
 .text.__sflush_r
                0x0800d87c      0x108 C:/Program Files/ST/STM32CubeIDE_1.19.0/STM32CubeIDE/plugins/com.st.stm32cube.ide.mcu.externaltools.gnu-tools-for-stm32.13.3.rel1.win32_1.0.0.202411081344/tools/bin/../lib/gcc/arm-none-eabi/13.3.1/../../../../arm-none-eabi/lib/thumb/v7e-m+dp/hard\libc_nano.a(libc_a-fflush.o)
                0x0800d87c                __sflush_r
 .text._fflush_r
                0x0800d984       0x50 C:/Program Files/ST/STM32CubeIDE_1.19.0/STM32CubeIDE/plugins/com.st.stm32cube.ide.mcu.externaltools.gnu-tools-for-stm32.13.3.rel1.win32_1.0.0.202411081344/tools/bin/../lib/gcc/arm-none-eabi/13.3.1/../../../../arm-none-eabi/lib/thumb/v7e-m+dp/hard\libc_nano.a(libc_a-fflush.o)
                0x0800d984                _fflush_r
 .text.__swhatbuf_r
                0x0800d9d4       0x4c C:/Program Files/ST/STM32CubeIDE_1.19.0/STM32CubeIDE/plugins/com.st.stm32cube.ide.mcu.externaltools.gnu-tools-for-stm32.13.3.rel1.win32_1.0.0.202411081344/tools/bin/../lib/gcc/arm-none-eabi/13.3.1/../../../../arm-none-eabi/lib/thumb/v7e-m+dp/hard\libc_nano.a(libc_a-makebuf.o)
                0x0800d9d4                __swhatbuf_r
 .text.__smakebuf_r
                0x0800da20       0x78 C:/Program Files/ST/STM32CubeIDE_1.19.0/STM32CubeIDE/plugins/com.st.stm32cube.ide.mcu.externaltools.gnu-tools-for-stm32.13.3.rel1.win32_1.0.0.202411081344/tools/bin/../lib/gcc/arm-none-eabi/13.3.1/../../../../arm-none-eabi/lib/thumb/v7e-m+dp/hard\libc_nano.a(libc_a-makebuf.o)
                0x0800da20                __smakebuf_r
 .text._fstat_r
                0x0800da98       0x24 C:/Program Files/ST/STM32CubeIDE_1.19.0/STM32CubeIDE/plugins/com.st.stm32cube.ide.mcu.externaltools.gnu-tools-for-stm32.13.3.rel1.win32_1.0.0.202411081344/tools/bin/../lib/gcc/arm-none-eabi/13.3.1/../../../../arm-none-eabi/lib/thumb/v7e-m+dp/hard\libc_nano.a(libc_a-fstatr.o)
                0x0800da98                _fstat_r
 .text._isatty_r
                0x0800dabc       0x20 C:/Program Files/ST/STM32CubeIDE_1.19.0/STM32CubeIDE/plugins/com.st.stm32cube.ide.mcu.externaltools.gnu-tools-for-stm32.13.3.rel1.win32_1.0.0.202411081344/tools/bin/../lib/gcc/arm-none-eabi/13.3.1/../../../../arm-none-eabi/lib/thumb/v7e-m+dp/hard\libc_nano.a(libc_a-isattyr.o)
                0x0800dabc                _isatty_r
 .text._sbrk_r  0x0800dadc       0x20 C:/Program Files/ST/STM32CubeIDE_1.19.0/STM32CubeIDE/plugins/com.st.stm32cube.ide.mcu.externaltools.gnu-tools-for-stm32.13.3.rel1.win32_1.0.0.202411081344/tools/bin/../lib/gcc/arm-none-eabi/13.3.1/../../../../arm-none-eabi/lib/thumb/v7e-m+dp/hard\libc_nano.a(libc_a-sbrkr.o)
                0x0800dadc                _sbrk_r
 .text.__assert_func
                0x0800dafc       0x3c C:/Program Files/ST/STM32CubeIDE_1.19.0/STM32CubeIDE/plugins/com.st.stm32cube.ide.mcu.externaltools.gnu-tools-for-stm32.13.3.rel1.win32_1.0.0.202411081344/tools/bin/../lib/gcc/arm-none-eabi/13.3.1/../../../../arm-none-eabi/lib/thumb/v7e-m+dp/hard\libc_nano.a(libc_a-assert.o)
                0x0800dafc                __assert_func
 .text._calloc_r
                0x0800db38       0x28 C:/Program Files/ST/STM32CubeIDE_1.19.0/STM32CubeIDE/plugins/com.st.stm32cube.ide.mcu.externaltools.gnu-tools-for-stm32.13.3.rel1.win32_1.0.0.202411081344/tools/bin/../lib/gcc/arm-none-eabi/13.3.1/../../../../arm-none-eabi/lib/thumb/v7e-m+dp/hard\libc_nano.a(libc_a-callocr.o)
                0x0800db38                _calloc_r
 .text.__ascii_mbtowc
                0x0800db60       0x24 C:/Program Files/ST/STM32CubeIDE_1.19.0/STM32CubeIDE/plugins/com.st.stm32cube.ide.mcu.externaltools.gnu-tools-for-stm32.13.3.rel1.win32_1.0.0.202411081344/tools/bin/../lib/gcc/arm-none-eabi/13.3.1/../../../../arm-none-eabi/lib/thumb/v7e-m+dp/hard\libc_nano.a(libc_a-mbtowc_r.o)
                0x0800db60                __ascii_mbtowc
 .text.__ascii_wctomb
                0x0800db84       0x1a C:/Program Files/ST/STM32CubeIDE_1.19.0/STM32CubeIDE/plugins/com.st.stm32cube.ide.mcu.externaltools.gnu-tools-for-stm32.13.3.rel1.win32_1.0.0.202411081344/tools/bin/../lib/gcc/arm-none-eabi/13.3.1/../../../../arm-none-eabi/lib/thumb/v7e-m+dp/hard\libc_nano.a(libc_a-wctomb_r.o)
                0x0800db84                __ascii_wctomb
 *fill*         0x0800db9e        0x2 
 .text.fprintf  0x0800dba0       0x24 C:/Program Files/ST/STM32CubeIDE_1.19.0/STM32CubeIDE/plugins/com.st.stm32cube.ide.mcu.externaltools.gnu-tools-for-stm32.13.3.rel1.win32_1.0.0.202411081344/tools/bin/../lib/gcc/arm-none-eabi/13.3.1/../../../../arm-none-eabi/lib/thumb/v7e-m+dp/hard\libc_nano.a(libc_a-fprintf.o)
                0x0800dba0                fiprintf
                0x0800dba0                fprintf
 .text.abort    0x0800dbc4        0xe C:/Program Files/ST/STM32CubeIDE_1.19.0/STM32CubeIDE/plugins/com.st.stm32cube.ide.mcu.externaltools.gnu-tools-for-stm32.13.3.rel1.win32_1.0.0.202411081344/tools/bin/../lib/gcc/arm-none-eabi/13.3.1/../../../../arm-none-eabi/lib/thumb/v7e-m+dp/hard\libc_nano.a(libc_a-abort.o)
                0x0800dbc4                abort
 .text._raise_r
                0x0800dbd2       0x50 C:/Program Files/ST/STM32CubeIDE_1.19.0/STM32CubeIDE/plugins/com.st.stm32cube.ide.mcu.externaltools.gnu-tools-for-stm32.13.3.rel1.win32_1.0.0.202411081344/tools/bin/../lib/gcc/arm-none-eabi/13.3.1/../../../../arm-none-eabi/lib/thumb/v7e-m+dp/hard\libc_nano.a(libc_a-signal.o)
                0x0800dbd2                _raise_r
 *fill*         0x0800dc22        0x2 
 .text.raise    0x0800dc24       0x10 C:/Program Files/ST/STM32CubeIDE_1.19.0/STM32CubeIDE/plugins/com.st.stm32cube.ide.mcu.externaltools.gnu-tools-for-stm32.13.3.rel1.win32_1.0.0.202411081344/tools/bin/../lib/gcc/arm-none-eabi/13.3.1/../../../../arm-none-eabi/lib/thumb/v7e-m+dp/hard\libc_nano.a(libc_a-signal.o)
                0x0800dc24                raise
 .text._kill_r  0x0800dc34       0x24 C:/Program Files/ST/STM32CubeIDE_1.19.0/STM32CubeIDE/plugins/com.st.stm32cube.ide.mcu.externaltools.gnu-tools-for-stm32.13.3.rel1.win32_1.0.0.202411081344/tools/bin/../lib/gcc/arm-none-eabi/13.3.1/../../../../arm-none-eabi/lib/thumb/v7e-m+dp/hard\libc_nano.a(libc_a-signalr.o)
                0x0800dc34                _kill_r
 .text._getpid_r
                0x0800dc58        0x4 C:/Program Files/ST/STM32CubeIDE_1.19.0/STM32CubeIDE/plugins/com.st.stm32cube.ide.mcu.externaltools.gnu-tools-for-stm32.13.3.rel1.win32_1.0.0.202411081344/tools/bin/../lib/gcc/arm-none-eabi/13.3.1/../../../../arm-none-eabi/lib/thumb/v7e-m+dp/hard\libc_nano.a(libc_a-signalr.o)
                0x0800dc58                _getpid_r
 *(.glue_7)
 .glue_7        0x0800dc5c        0x0 linker stubs
 *(.glue_7t)
 .glue_7t       0x0800dc5c        0x0 linker stubs
 *(.eh_frame)
 .eh_frame      0x0800dc5c        0x0 C:/Program Files/ST/STM32CubeIDE_1.19.0/STM32CubeIDE/plugins/com.st.stm32cube.ide.mcu.externaltools.gnu-tools-for-stm32.13.3.rel1.win32_1.0.0.202411081344/tools/bin/../lib/gcc/arm-none-eabi/13.3.1/thumb/v7e-m+dp/hard/crtbegin.o
 *(.init)
 .init          0x0800dc5c        0x4 C:/Program Files/ST/STM32CubeIDE_1.19.0/STM32CubeIDE/plugins/com.st.stm32cube.ide.mcu.externaltools.gnu-tools-for-stm32.13.3.rel1.win32_1.0.0.202411081344/tools/bin/../lib/gcc/arm-none-eabi/13.3.1/thumb/v7e-m+dp/hard/crti.o
                0x0800dc5c                _init
 .init          0x0800dc60        0x8 C:/Program Files/ST/STM32CubeIDE_1.19.0/STM32CubeIDE/plugins/com.st.stm32cube.ide.mcu.externaltools.gnu-tools-for-stm32.13.3.rel1.win32_1.0.0.202411081344/tools/bin/../lib/gcc/arm-none-eabi/13.3.1/thumb/v7e-m+dp/hard/crtn.o
 *(.fini)
 .fini          0x0800dc68        0x4 C:/Program Files/ST/STM32CubeIDE_1.19.0/STM32CubeIDE/plugins/com.st.stm32cube.ide.mcu.externaltools.gnu-tools-for-stm32.13.3.rel1.win32_1.0.0.202411081344/tools/bin/../lib/gcc/arm-none-eabi/13.3.1/thumb/v7e-m+dp/hard/crti.o
                0x0800dc68                _fini
 .fini          0x0800dc6c        0x8 C:/Program Files/ST/STM32CubeIDE_1.19.0/STM32CubeIDE/plugins/com.st.stm32cube.ide.mcu.externaltools.gnu-tools-for-stm32.13.3.rel1.win32_1.0.0.202411081344/tools/bin/../lib/gcc/arm-none-eabi/13.3.1/thumb/v7e-m+dp/hard/crtn.o
                0x0800dc74                        . = ALIGN (0x4)
                0x0800dc74                        _etext = .

.vfp11_veneer   0x0800dc74        0x0
 .vfp11_veneer  0x0800dc74        0x0 linker stubs

.v4_bx          0x0800dc74        0x0
 .v4_bx         0x0800dc74        0x0 linker stubs

.iplt           0x0800dc74        0x0
 .iplt          0x0800dc74        0x0 C:/Program Files/ST/STM32CubeIDE_1.19.0/STM32CubeIDE/plugins/com.st.stm32cube.ide.mcu.externaltools.gnu-tools-for-stm32.13.3.rel1.win32_1.0.0.202411081344/tools/bin/../lib/gcc/arm-none-eabi/13.3.1/thumb/v7e-m+dp/hard/crtbegin.o

.rodata         0x0800dc78      0x8ec
                0x0800dc78                        . = ALIGN (0x4)
 *(.rodata)
 .rodata        0x0800dc78       0x99 ./Core/Src/bno055.o
 *fill*         0x0800dd11        0x3 
 .rodata        0x0800dd14      0x2f0 ./Core/Src/main.o
 *(.rodata*)
 .rodata.D1CorePrescTable
                0x0800e004       0x10 ./Common/Src/system_stm32h7xx_dualcore_boot_cm4_cm7.o
                0x0800e004                D1CorePrescTable
 .rodata.sc031gs_init_regs
                0x0800e014      0x1b0 ./Core/Src/main.o
 .rodata.LED_PIN
                0x0800e1c4        0x6 ./Drivers/BSP/STM32H7xx_Nucleo/stm32h7xx_nucleo.o
 *fill*         0x0800e1ca        0x2 
 .rodata.BUTTON_EXTI_LINE.2
                0x0800e1cc        0x4 ./Drivers/BSP/STM32H7xx_Nucleo/stm32h7xx_nucleo.o
 .rodata.flagBitshiftOffset.0
                0x0800e1d0        0x8 ./Drivers/STM32H7xx_HAL_Driver/stm32h7xx_hal_dma.o
 .rodata.UARTPrescTable
                0x0800e1d8       0x18 ./Drivers/STM32H7xx_HAL_Driver/stm32h7xx_hal_uart.o
                0x0800e1d8                UARTPrescTable
 .rodata._printf_float.str1.1
                0x0800e1f0      0x171 C:/Program Files/ST/STM32CubeIDE_1.19.0/STM32CubeIDE/plugins/com.st.stm32cube.ide.mcu.externaltools.gnu-tools-for-stm32.13.3.rel1.win32_1.0.0.202411081344/tools/bin/../lib/gcc/arm-none-eabi/13.3.1/../../../../arm-none-eabi/lib/thumb/v7e-m+dp/hard\libc_nano.a(libc_a-nano-vfprintf_float.o)
                                 0x12 (size before relaxing)
 .rodata._printf_i.str1.1
                0x0800e361       0x22 C:/Program Files/ST/STM32CubeIDE_1.19.0/STM32CubeIDE/plugins/com.st.stm32cube.ide.mcu.externaltools.gnu-tools-for-stm32.13.3.rel1.win32_1.0.0.202411081344/tools/bin/../lib/gcc/arm-none-eabi/13.3.1/../../../../arm-none-eabi/lib/thumb/v7e-m+dp/hard\libc_nano.a(libc_a-nano-vfprintf_i.o)
 .rodata._dtoa_r.str1.1
                0x0800e361       0x8f C:/Program Files/ST/STM32CubeIDE_1.19.0/STM32CubeIDE/plugins/com.st.stm32cube.ide.mcu.externaltools.gnu-tools-for-stm32.13.3.rel1.win32_1.0.0.202411081344/tools/bin/../lib/gcc/arm-none-eabi/13.3.1/../../../../arm-none-eabi/lib/thumb/v7e-m+dp/hard\libc_nano.a(libc_a-dtoa.o)
 .rodata._Balloc.str1.1
                0x0800e361       0x70 C:/Program Files/ST/STM32CubeIDE_1.19.0/STM32CubeIDE/plugins/com.st.stm32cube.ide.mcu.externaltools.gnu-tools-for-stm32.13.3.rel1.win32_1.0.0.202411081344/tools/bin/../lib/gcc/arm-none-eabi/13.3.1/../../../../arm-none-eabi/lib/thumb/v7e-m+dp/hard\libc_nano.a(libc_a-mprec.o)
 .rodata.__multadd.str1.1
                0x0800e361       0x11 C:/Program Files/ST/STM32CubeIDE_1.19.0/STM32CubeIDE/plugins/com.st.stm32cube.ide.mcu.externaltools.gnu-tools-for-stm32.13.3.rel1.win32_1.0.0.202411081344/tools/bin/../lib/gcc/arm-none-eabi/13.3.1/../../../../arm-none-eabi/lib/thumb/v7e-m+dp/hard\libc_nano.a(libc_a-mprec.o)
 *fill*         0x0800e361        0x3 
 .rodata.p05.0  0x0800e364        0xc C:/Program Files/ST/STM32CubeIDE_1.19.0/STM32CubeIDE/plugins/com.st.stm32cube.ide.mcu.externaltools.gnu-tools-for-stm32.13.3.rel1.win32_1.0.0.202411081344/tools/bin/../lib/gcc/arm-none-eabi/13.3.1/../../../../arm-none-eabi/lib/thumb/v7e-m+dp/hard\libc_nano.a(libc_a-mprec.o)
 .rodata.__mprec_bigtens
                0x0800e370       0x28 C:/Program Files/ST/STM32CubeIDE_1.19.0/STM32CubeIDE/plugins/com.st.stm32cube.ide.mcu.externaltools.gnu-tools-for-stm32.13.3.rel1.win32_1.0.0.202411081344/tools/bin/../lib/gcc/arm-none-eabi/13.3.1/../../../../arm-none-eabi/lib/thumb/v7e-m+dp/hard\libc_nano.a(libc_a-mprec.o)
                0x0800e370                __mprec_bigtens
 .rodata.__mprec_tens
                0x0800e398       0xc8 C:/Program Files/ST/STM32CubeIDE_1.19.0/STM32CubeIDE/plugins/com.st.stm32cube.ide.mcu.externaltools.gnu-tools-for-stm32.13.3.rel1.win32_1.0.0.202411081344/tools/bin/../lib/gcc/arm-none-eabi/13.3.1/../../../../arm-none-eabi/lib/thumb/v7e-m+dp/hard\libc_nano.a(libc_a-mprec.o)
                0x0800e398                __mprec_tens
 .rodata._vfprintf_r.str1.1
                0x0800e460       0x11 C:/Program Files/ST/STM32CubeIDE_1.19.0/STM32CubeIDE/plugins/com.st.stm32cube.ide.mcu.externaltools.gnu-tools-for-stm32.13.3.rel1.win32_1.0.0.202411081344/tools/bin/../lib/gcc/arm-none-eabi/13.3.1/../../../../arm-none-eabi/lib/thumb/v7e-m+dp/hard\libc_nano.a(libc_a-nano-vfprintf.o)
 .rodata._setlocale_r.str1.1
                0x0800e460        0x9 C:/Program Files/ST/STM32CubeIDE_1.19.0/STM32CubeIDE/plugins/com.st.stm32cube.ide.mcu.externaltools.gnu-tools-for-stm32.13.3.rel1.win32_1.0.0.202411081344/tools/bin/../lib/gcc/arm-none-eabi/13.3.1/../../../../arm-none-eabi/lib/thumb/v7e-m+dp/hard\libc_nano.a(libc_a-locale.o)
 .rodata.str1.1
                0x0800e460        0x2 C:/Program Files/ST/STM32CubeIDE_1.19.0/STM32CubeIDE/plugins/com.st.stm32cube.ide.mcu.externaltools.gnu-tools-for-stm32.13.3.rel1.win32_1.0.0.202411081344/tools/bin/../lib/gcc/arm-none-eabi/13.3.1/../../../../arm-none-eabi/lib/thumb/v7e-m+dp/hard\libc_nano.a(libc_a-locale.o)
 .rodata.__assert_func.str1.1
                0x0800e460       0x3d C:/Program Files/ST/STM32CubeIDE_1.19.0/STM32CubeIDE/plugins/com.st.stm32cube.ide.mcu.externaltools.gnu-tools-for-stm32.13.3.rel1.win32_1.0.0.202411081344/tools/bin/../lib/gcc/arm-none-eabi/13.3.1/../../../../arm-none-eabi/lib/thumb/v7e-m+dp/hard\libc_nano.a(libc_a-assert.o)
 .rodata._ctype_
                0x0800e460      0x101 C:/Program Files/ST/STM32CubeIDE_1.19.0/STM32CubeIDE/plugins/com.st.stm32cube.ide.mcu.externaltools.gnu-tools-for-stm32.13.3.rel1.win32_1.0.0.202411081344/tools/bin/../lib/gcc/arm-none-eabi/13.3.1/../../../../arm-none-eabi/lib/thumb/v7e-m+dp/hard\libc_nano.a(libc_a-ctype_.o)
                0x0800e460                _ctype_
                0x0800e564                        . = ALIGN (0x4)
 *fill*         0x0800e561        0x3 

.ARM.extab      0x0800e564        0x0
                0x0800e564                        . = ALIGN (0x4)
 *(.ARM.extab* .gnu.linkonce.armextab.*)
                0x0800e564                        . = ALIGN (0x4)

.ARM            0x0800e564        0x8
                0x0800e564                        . = ALIGN (0x4)
                0x0800e564                        __exidx_start = .
 *(.ARM.exidx*)
 .ARM.exidx     0x0800e564        0x8 C:/Program Files/ST/STM32CubeIDE_1.19.0/STM32CubeIDE/plugins/com.st.stm32cube.ide.mcu.externaltools.gnu-tools-for-stm32.13.3.rel1.win32_1.0.0.202411081344/tools/bin/../lib/gcc/arm-none-eabi/13.3.1/../../../../arm-none-eabi/lib/thumb/v7e-m+dp/hard\libc_nano.a(libc_a-memchr.o)
 .ARM.exidx     0x0800e56c        0x0 C:/Program Files/ST/STM32CubeIDE_1.19.0/STM32CubeIDE/plugins/com.st.stm32cube.ide.mcu.externaltools.gnu-tools-for-stm32.13.3.rel1.win32_1.0.0.202411081344/tools/bin/../lib/gcc/arm-none-eabi/13.3.1/../../../../arm-none-eabi/lib/thumb/v7e-m+dp/hard\libc_nano.a(libc_a-strlen.o)
                                  0x8 (size before relaxing)
 .ARM.exidx     0x0800e56c        0x0 C:/Program Files/ST/STM32CubeIDE_1.19.0/STM32CubeIDE/plugins/com.st.stm32cube.ide.mcu.externaltools.gnu-tools-for-stm32.13.3.rel1.win32_1.0.0.202411081344/tools/bin/../lib/gcc/arm-none-eabi/13.3.1/thumb/v7e-m+dp/hard\libgcc.a(_udivmoddi4.o)
                                  0x8 (size before relaxing)
                0x0800e56c                        __exidx_end = .
                0x0800e56c                        . = ALIGN (0x4)

.preinit_array  0x0800e56c        0x0
                0x0800e56c                        . = ALIGN (0x4)
                0x0800e56c                        PROVIDE (__preinit_array_start = .)
 *(.preinit_array*)
                0x0800e56c                        PROVIDE (__preinit_array_end = .)
                0x0800e56c                        . = ALIGN (0x4)

.init_array     0x0800e56c        0x4
                0x0800e56c                        . = ALIGN (0x4)
                0x0800e56c                        PROVIDE (__init_array_start = .)
 *(SORT_BY_NAME(.init_array.*))
 *(.init_array*)
 .init_array    0x0800e56c        0x4 C:/Program Files/ST/STM32CubeIDE_1.19.0/STM32CubeIDE/plugins/com.st.stm32cube.ide.mcu.externaltools.gnu-tools-for-stm32.13.3.rel1.win32_1.0.0.202411081344/tools/bin/../lib/gcc/arm-none-eabi/13.3.1/thumb/v7e-m+dp/hard/crtbegin.o
                0x0800e570                        PROVIDE (__init_array_end = .)
                0x0800e570                        . = ALIGN (0x4)

.fini_array     0x0800e570        0x4
                0x0800e570                        . = ALIGN (0x4)
                [!provide]                        PROVIDE (__fini_array_start = .)
 *(SORT_BY_NAME(.fini_array.*))
 *(.fini_array*)
 .fini_array    0x0800e570        0x4 C:/Program Files/ST/STM32CubeIDE_1.19.0/STM32CubeIDE/plugins/com.st.stm32cube.ide.mcu.externaltools.gnu-tools-for-stm32.13.3.rel1.win32_1.0.0.202411081344/tools/bin/../lib/gcc/arm-none-eabi/13.3.1/thumb/v7e-m+dp/hard/crtbegin.o
                [!provide]                        PROVIDE (__fini_array_end = .)
                0x0800e574                        . = ALIGN (0x4)
                0x0800e574                        _sidata = LOADADDR (.data)

.rel.dyn        0x0800e574        0x0
 .rel.iplt      0x0800e574        0x0 C:/Program Files/ST/STM32CubeIDE_1.19.0/STM32CubeIDE/plugins/com.st.stm32cube.ide.mcu.externaltools.gnu-tools-for-stm32.13.3.rel1.win32_1.0.0.202411081344/tools/bin/../lib/gcc/arm-none-eabi/13.3.1/thumb/v7e-m+dp/hard/crtbegin.o

.data           0x24000000      0x1f4 load address 0x0800e574
                0x24000000                        . = ALIGN (0x4)
                0x24000000                        _sdata = .
 *(.data)
 *(.data*)
 .data.SystemCoreClock
                0x24000000        0x4 ./Common/Src/system_stm32h7xx_dualcore_boot_cm4_cm7.o
                0x24000000                SystemCoreClock
 .data.SystemD2Clock
                0x24000004        0x4 ./Common/Src/system_stm32h7xx_dualcore_boot_cm4_cm7.o
                0x24000004                SystemD2Clock
 .data.COM_USART
                0x24000008        0x4 ./Drivers/BSP/STM32H7xx_Nucleo/stm32h7xx_nucleo.o
                0x24000008                COM_USART
 .data.LED_PORT
                0x2400000c        0xc ./Drivers/BSP/STM32H7xx_Nucleo/stm32h7xx_nucleo.o
 .data.BUTTON_PORT
                0x24000018        0x4 ./Drivers/BSP/STM32H7xx_Nucleo/stm32h7xx_nucleo.o
 .data.ButtonCallback.1
                0x2400001c        0x4 ./Drivers/BSP/STM32H7xx_Nucleo/stm32h7xx_nucleo.o
 .data.BSP_BUTTON_PRIO.0
                0x24000020        0x4 ./Drivers/BSP/STM32H7xx_Nucleo/stm32h7xx_nucleo.o
 .data.uwTickPrio
                0x24000024        0x4 ./Drivers/STM32H7xx_HAL_Driver/stm32h7xx_hal.o
                0x24000024                uwTickPrio
 .data.uwTickFreq
                0x24000028        0x1 ./Drivers/STM32H7xx_HAL_Driver/stm32h7xx_hal.o
                0x24000028                uwTickFreq
 *fill*         0x24000029        0x3 
 .data.__sglue  0x2400002c        0xc C:/Program Files/ST/STM32CubeIDE_1.19.0/STM32CubeIDE/plugins/com.st.stm32cube.ide.mcu.externaltools.gnu-tools-for-stm32.13.3.rel1.win32_1.0.0.202411081344/tools/bin/../lib/gcc/arm-none-eabi/13.3.1/../../../../arm-none-eabi/lib/thumb/v7e-m+dp/hard\libc_nano.a(libc_a-findfp.o)
                0x2400002c                __sglue
 .data._impure_ptr
                0x24000038        0x4 C:/Program Files/ST/STM32CubeIDE_1.19.0/STM32CubeIDE/plugins/com.st.stm32cube.ide.mcu.externaltools.gnu-tools-for-stm32.13.3.rel1.win32_1.0.0.202411081344/tools/bin/../lib/gcc/arm-none-eabi/13.3.1/../../../../arm-none-eabi/lib/thumb/v7e-m+dp/hard\libc_nano.a(libc_a-impure.o)
                0x24000038                _impure_ptr
 .data._impure_data
                0x2400003c       0x4c C:/Program Files/ST/STM32CubeIDE_1.19.0/STM32CubeIDE/plugins/com.st.stm32cube.ide.mcu.externaltools.gnu-tools-for-stm32.13.3.rel1.win32_1.0.0.202411081344/tools/bin/../lib/gcc/arm-none-eabi/13.3.1/../../../../arm-none-eabi/lib/thumb/v7e-m+dp/hard\libc_nano.a(libc_a-impure.o)
                0x2400003c                _impure_data
 .data.__global_locale
                0x24000088      0x16c C:/Program Files/ST/STM32CubeIDE_1.19.0/STM32CubeIDE/plugins/com.st.stm32cube.ide.mcu.externaltools.gnu-tools-for-stm32.13.3.rel1.win32_1.0.0.202411081344/tools/bin/../lib/gcc/arm-none-eabi/13.3.1/../../../../arm-none-eabi/lib/thumb/v7e-m+dp/hard\libc_nano.a(libc_a-locale.o)
                0x24000088                __global_locale
 *(.RamFunc)
 *(.RamFunc*)
                0x240001f4                        . = ALIGN (0x4)
                0x240001f4                        _edata = .

.igot.plt       0x240001f4        0x0 load address 0x0800e768
 .igot.plt      0x240001f4        0x0 C:/Program Files/ST/STM32CubeIDE_1.19.0/STM32CubeIDE/plugins/com.st.stm32cube.ide.mcu.externaltools.gnu-tools-for-stm32.13.3.rel1.win32_1.0.0.202411081344/tools/bin/../lib/gcc/arm-none-eabi/13.3.1/thumb/v7e-m+dp/hard/crtbegin.o
                0x240001f4                        . = ALIGN (0x4)

.bss            0x240001f4      0x440 load address 0x0800e768
                0x240001f4                        _sbss = .
                0x240001f4                        __bss_start__ = _sbss
 *(.bss)
 .bss           0x240001f4       0x1c C:/Program Files/ST/STM32CubeIDE_1.19.0/STM32CubeIDE/plugins/com.st.stm32cube.ide.mcu.externaltools.gnu-tools-for-stm32.13.3.rel1.win32_1.0.0.202411081344/tools/bin/../lib/gcc/arm-none-eabi/13.3.1/thumb/v7e-m+dp/hard/crtbegin.o
 *(.bss*)
 .bss.BspCOMInit
                0x24000210       0x10 ./Core/Src/main.o
                0x24000210                BspCOMInit
 .bss.hdcmi     0x24000220       0x50 ./Core/Src/main.o
                0x24000220                hdcmi
 .bss.hdma_dcmi
                0x24000270       0x78 ./Core/Src/main.o
                0x24000270                hdma_dcmi
 .bss.hi2c1     0x240002e8       0x54 ./Core/Src/main.o
                0x240002e8                hi2c1
 .bss.hi2c4     0x2400033c       0x54 ./Core/Src/main.o
                0x2400033c                hi2c4
 .bss.bno       0x24000390       0xac ./Core/Src/main.o
                0x24000390                bno
 .bss.err       0x2400043c        0x1 ./Core/Src/main.o
                0x2400043c                err
 .bss.PIXCLK_TRIG
                0x2400043d        0x1 ./Core/Src/main.o
                0x2400043d                PIXCLK_TRIG
 .bss.VSYNC_TRIG
                0x2400043e        0x1 ./Core/Src/main.o
                0x2400043e                VSYNC_TRIG
 .bss.HREF_TRIG
                0x2400043f        0x1 ./Core/Src/main.o
                0x2400043f                HREF_TRIG
 .bss.__sbrk_heap_end
                0x24000440        0x4 ./Core/Src/sysmem.o
 .bss.hpb_exti  0x24000444        0x8 ./Drivers/BSP/STM32H7xx_Nucleo/stm32h7xx_nucleo.o
                0x24000444                hpb_exti
 .bss.hcom_uart
                0x2400044c       0x94 ./Drivers/BSP/STM32H7xx_Nucleo/stm32h7xx_nucleo.o
                0x2400044c                hcom_uart
 .bss.COM_ActiveLogPort
                0x240004e0        0x1 ./Drivers/BSP/STM32H7xx_Nucleo/stm32h7xx_nucleo.o
 *fill*         0x240004e1        0x3 
 .bss.uwTick    0x240004e4        0x4 ./Drivers/STM32H7xx_HAL_Driver/stm32h7xx_hal.o
                0x240004e4                uwTick
 .bss.__sf      0x240004e8      0x138 C:/Program Files/ST/STM32CubeIDE_1.19.0/STM32CubeIDE/plugins/com.st.stm32cube.ide.mcu.externaltools.gnu-tools-for-stm32.13.3.rel1.win32_1.0.0.202411081344/tools/bin/../lib/gcc/arm-none-eabi/13.3.1/../../../../arm-none-eabi/lib/thumb/v7e-m+dp/hard\libc_nano.a(libc_a-findfp.o)
                0x240004e8                __sf
 .bss.__stdio_exit_handler
                0x24000620        0x4 C:/Program Files/ST/STM32CubeIDE_1.19.0/STM32CubeIDE/plugins/com.st.stm32cube.ide.mcu.externaltools.gnu-tools-for-stm32.13.3.rel1.win32_1.0.0.202411081344/tools/bin/../lib/gcc/arm-none-eabi/13.3.1/../../../../arm-none-eabi/lib/thumb/v7e-m+dp/hard\libc_nano.a(libc_a-findfp.o)
                0x24000620                __stdio_exit_handler
 .bss.errno     0x24000624        0x4 C:/Program Files/ST/STM32CubeIDE_1.19.0/STM32CubeIDE/plugins/com.st.stm32cube.ide.mcu.externaltools.gnu-tools-for-stm32.13.3.rel1.win32_1.0.0.202411081344/tools/bin/../lib/gcc/arm-none-eabi/13.3.1/../../../../arm-none-eabi/lib/thumb/v7e-m+dp/hard\libc_nano.a(libc_a-reent.o)
                0x24000624                errno
 .bss.__lock___malloc_recursive_mutex
                0x24000628        0x1 C:/Program Files/ST/STM32CubeIDE_1.19.0/STM32CubeIDE/plugins/com.st.stm32cube.ide.mcu.externaltools.gnu-tools-for-stm32.13.3.rel1.win32_1.0.0.202411081344/tools/bin/../lib/gcc/arm-none-eabi/13.3.1/../../../../arm-none-eabi/lib/thumb/v7e-m+dp/hard\libc_nano.a(libc_a-lock.o)
                0x24000628                __lock___malloc_recursive_mutex
 .bss.__lock___sfp_recursive_mutex
                0x24000629        0x1 C:/Program Files/ST/STM32CubeIDE_1.19.0/STM32CubeIDE/plugins/com.st.stm32cube.ide.mcu.externaltools.gnu-tools-for-stm32.13.3.rel1.win32_1.0.0.202411081344/tools/bin/../lib/gcc/arm-none-eabi/13.3.1/../../../../arm-none-eabi/lib/thumb/v7e-m+dp/hard\libc_nano.a(libc_a-lock.o)
                0x24000629                __lock___sfp_recursive_mutex
 *fill*         0x2400062a        0x2 
 .bss.__malloc_sbrk_start
                0x2400062c        0x4 C:/Program Files/ST/STM32CubeIDE_1.19.0/STM32CubeIDE/plugins/com.st.stm32cube.ide.mcu.externaltools.gnu-tools-for-stm32.13.3.rel1.win32_1.0.0.202411081344/tools/bin/../lib/gcc/arm-none-eabi/13.3.1/../../../../arm-none-eabi/lib/thumb/v7e-m+dp/hard\libc_nano.a(libc_a-mallocr.o)
                0x2400062c                __malloc_sbrk_start
 .bss.__malloc_free_list
                0x24000630        0x4 C:/Program Files/ST/STM32CubeIDE_1.19.0/STM32CubeIDE/plugins/com.st.stm32cube.ide.mcu.externaltools.gnu-tools-for-stm32.13.3.rel1.win32_1.0.0.202411081344/tools/bin/../lib/gcc/arm-none-eabi/13.3.1/../../../../arm-none-eabi/lib/thumb/v7e-m+dp/hard\libc_nano.a(libc_a-mallocr.o)
                0x24000630                __malloc_free_list
 *(COMMON)
                0x24000634                        . = ALIGN (0x4)
                0x24000634                        _ebss = .
                0x24000634                        __bss_end__ = _ebss

._user_heap_stack
                0x24000634      0x604 load address 0x0800e768
                0x24000638                        . = ALIGN (0x8)
 *fill*         0x24000634        0x4 
                [!provide]                        PROVIDE (end = .)
                0x24000638                        PROVIDE (_end = .)
                0x24000838                        . = (. + _Min_Heap_Size)
 *fill*         0x24000638      0x200 
                0x24000c38                        . = (. + _Min_Stack_Size)
 *fill*         0x24000838      0x400 
                0x24000c38                        . = ALIGN (0x8)

/DISCARD/
 libc.a(*)
 libm.a(*)
 libgcc.a(*)

.ARM.attributes
                0x00000000       0x2e
 *(.ARM.attributes)
 .ARM.attributes
                0x00000000       0x20 C:/Program Files/ST/STM32CubeIDE_1.19.0/STM32CubeIDE/plugins/com.st.stm32cube.ide.mcu.externaltools.gnu-tools-for-stm32.13.3.rel1.win32_1.0.0.202411081344/tools/bin/../lib/gcc/arm-none-eabi/13.3.1/thumb/v7e-m+dp/hard/crti.o
 .ARM.attributes
                0x00000020       0x32 C:/Program Files/ST/STM32CubeIDE_1.19.0/STM32CubeIDE/plugins/com.st.stm32cube.ide.mcu.externaltools.gnu-tools-for-stm32.13.3.rel1.win32_1.0.0.202411081344/tools/bin/../lib/gcc/arm-none-eabi/13.3.1/thumb/v7e-m+dp/hard/crtbegin.o
 .ARM.attributes
                0x00000052       0x32 ./Common/Src/system_stm32h7xx_dualcore_boot_cm4_cm7.o
 .ARM.attributes
                0x00000084       0x32 ./Core/Src/bno055.o
 .ARM.attributes
                0x000000b6       0x32 ./Core/Src/main.o
 .ARM.attributes