../Core/Src/main.c:305:5:main	440	static
../Core/Src/main.c:653:6:SystemClock_Config	120	static
../Core/Src/main.c:715:13:MX_DCMI_Init	8	static
../Core/Src/main.c:752:13:MX_I2C1_Init	8	static
../Core/Src/main.c:800:13:MX_I2C4_Init	8	static
../Core/Src/main.c:846:13:MX_DMA_Init	16	static
../Core/Src/main.c:864:13:MX_GPIO_Init	56	static
../Core/Src/main.c:974:6:HAL_GPIO_EXTI_Callback	16	static
../Core/Src/main.c:991:19:SC035HGS_ReadReg8	40	static
../Core/Src/main.c:997:19:SC035HGS_ReadReg16	40	static
../Core/Src/main.c:1005:19:SC035HGS_WriteReg	40	static
../Core/Src/main.c:1011:6:SC035HGS_VerifyReg8	24	static
../Core/Src/main.c:1022:6:SC035HGS_VerifyReg16	24	static
../Core/Src/main.c:1038:6:Error_Handler	4	static,ignoring_inline_asm
